Microchip MPLAB XC8 Compiler V2.10 ()

Linker command line:

-W-3 --edf=C:\Program Files (x86)\Microchip\xc8\v2.10\pic\dat\en_msgs.txt \
  -cs -h+dist/default/debug\project.X.debug.sym \
  --cmf=dist/default/debug\project.X.debug.cmf -z -Q18F4520 \
  -oC:\Users\JIAAN~1\AppData\Local\Temp\sqf0.2 --defsym=__MPLAB_BUILD=1 \
  -Mdist/default/debug/project.X.debug.map -E1 -ver=XC8 --acfsm=1493 \
  -ASTACK=0424h-05F3h -pstack=STACK -ACODE=00h-07DBFh -ACONST=00h-07DBFh \
  -ASMALLCONST=0600h-06FFhx119,07D00h-07DBFh -AMEDIUMCONST=0600h-07DBFh \
  -ACOMRAM=01h-07Fh -AABS1=00h-05F3h -ABIGRAM=01h-05F3h \
  -ARAM=080h-0FFh,0100h-01FFhx4,0500h-05F3h -ABANK0=080h-0FFh \
  -ABANK1=0100h-01FFh -ABANK2=0200h-02FFh -ABANK3=0300h-03FFh \
  -ABANK4=0400h-04FFh -ABANK5=0500h-05F3h \
  -ASFR=0F80h-0F9Bh,0F9Dh-0FD3h,0FD5h-0FDAh,0FE0h-0FE2h,0FE8h-0FEAh,0FF0h-0FFCh \
  -preset_vec=00h,intcode=08h,intcodelo,powerup,init -pramtop=0600h \
  -psmallconst=SMALLCONST -pmediumconst=MEDIUMCONST -pconst=CONST \
  -AFARRAM=00h-00h -ACONFIG=0300000h-030000Dh -pconfig=CONFIG \
  -AIDLOC=0200000h-0200007h -pidloc=IDLOC -AEEDATA=0F00000h-0F000FFh \
  -peeprom_data=EEDATA \
  -prdata=COMRAM,nvrram=COMRAM,nvbit=COMRAM,rbss=COMRAM,rbit=COMRAM \
  -pfarbss=FARRAM,fardata=FARRAM,nvFARRAM=FARRAM \
  -pintsave_regs=BIGRAM,bigbss=BIGRAM,bigdata=BIGRAM -pbss=RAM \
  -pidata=CODE,irdata=CODE,ibigdata=CODE,ifardata=CODE -prparam=COMRAM \
  C:\Users\JIAAN~1\AppData\Local\Temp\sqf0.o \
  dist/default/debug\project.X.debug.o 

Object code version is 3.11

Machine type is 18F4520

Call graph: (short form)




                Name                               Link     Load   Length Selector   Space Scale
C:\Users\JIAAN~1\AppData\Local\Temp\sqf0.o
                init                                  E        E        4        4       0
                reset_vec                             0        0        4        0       0
                idloc                            200000   200000        8   200000       0
                config                           300000   300000        E   300000       0
dist/default/debug\project.X.debug.o
                intcode                               8        8        6        4       0
                temp                                 6B       6B        1        1       1
                text31                              F9E      F9E      370        4       0
                text30                              826      826      3DC        4       0
                intcode_body                       20FC     20FC      150        4       0
                text28                              C02      C02      39C        4       0
                text27                             2480     2480      106        4       0
                text26                             1F48     1F48      1B4        4       0
                text25                             1B52     1B52      214        4       0
                text24                             2830     2830       CA        4       0
                text23                             29AC     29AC       B2        4       0
                text22                             2E20     2E20       26        4       0
                text21                             2A5E     2A5E       9E        4       0
                text20                             2686     2686       DC        4       0
                text19                             2DF2     2DF2       2E        4       0
                text18                             2D66     2D66       4C        4       0
                text17                             162A     162A      2AE        4       0
                text16                             2C90     2C90       84        4       0
                text15                             2EA0     2EA0       1E        4       0
                text14                             2C0C     2C0C       84        4       0
                text13                             2E82     2E82       1E        4       0
                text12                             2B84     2B84       88        4       0
                text11                             2E64     2E64       1E        4       0
                text10                             2AFC     2AFC       88        4       0
                text9                              2E46     2E46       1E        4       0
                text8                              2D14     2D14       52        4       0
                text7                              2762     2762       CE        4       0
                text6                              18D8     18D8      27A        4       0
                text5                                12       12      436        4       0
                text4                              236E     236E      112        4       0
                text3                              224C     224C      122        4       0
                text2                              1D66     1D66      1E2        4       0
                text1                               448      448      3DE        4       0
                text0                              130E     130E      31C        4       0
                cstackCOMRAM                          1        1       3A        1       1
                cstackBANK0                          E8       E8       14       80       1
                cstackBANK4                         400      400       24      400       1
                bssBANK3                            300      300      100      300       1
                bssBANK2                            200      200      100      200       1
                dataBANK1                           100      100      100      100       1
                dataBANK0                            80       80       40       80       1
                bssBANK0                             C0       C0       28       80       1
                dataCOMRAM                           60       60        B        1       1
                bssCOMRAM                            3B       3B       25        1       1
                cinit                              28FA     28FA       B2        4       0
                idataBANK1                         2586     2586      100        4       0
                idataBANK0                         2DB2     2DB2       40        4       0
                idataCOMRAM                        2EBE     2EBE        B        4       0

TOTAL           Name                               Link     Load   Length     Space
        CLASS   STACK          

        CLASS   CODE           
                intcode                               8        8        6         0
                init                                  E        E        4         0
                reset_vec                             0        0        4         0
                text31                              F9E      F9E      370         0
                text30                              826      826      3DC         0
                intcode_body                       20FC     20FC      150         0
                text28                              C02      C02      39C         0
                text27                             2480     2480      106         0
                text26                             1F48     1F48      1B4         0
                text25                             1B52     1B52      214         0
                text24                             2830     2830       CA         0
                text23                             29AC     29AC       B2         0
                text22                             2E20     2E20       26         0
                text21                             2A5E     2A5E       9E         0
                text20                             2686     2686       DC         0
                text19                             2DF2     2DF2       2E         0
                text18                             2D66     2D66       4C         0
                text17                             162A     162A      2AE         0
                text16                             2C90     2C90       84         0
                text15                             2EA0     2EA0       1E         0
                text14                             2C0C     2C0C       84         0
                text13                             2E82     2E82       1E         0
                text12                             2B84     2B84       88         0
                text11                             2E64     2E64       1E         0
                text10                             2AFC     2AFC       88         0
                text9                              2E46     2E46       1E         0
                text8                              2D14     2D14       52         0
                text7                              2762     2762       CE         0
                text6                              18D8     18D8      27A         0
                text5                                12       12      436         0
                text4                              236E     236E      112         0
                text3                              224C     224C      122         0
                text2                              1D66     1D66      1E2         0
                text1                               448      448      3DE         0
                text0                              130E     130E      31C         0
                cinit                              28FA     28FA       B2         0
                idataBANK1                         2586     2586      100         0
                idataBANK0                         2DB2     2DB2       40         0
                idataCOMRAM                        2EBE     2EBE        B         0

        CLASS   CONST          

        CLASS   SMALLCONST     

        CLASS   MEDIUMCONST    

        CLASS   COMRAM         
                temp                                 6B       6B        1         1
                cstackCOMRAM                          1        1       3A         1
                dataCOMRAM                           60       60        B         1
                bssCOMRAM                            3B       3B       25         1

        CLASS   ABS1           

        CLASS   BIGRAM         

        CLASS   RAM            

        CLASS   BANK0          
                cstackBANK0                          E8       E8       14         1
                dataBANK0                            80       80       40         1
                bssBANK0                             C0       C0       28         1

        CLASS   BANK1          
                dataBANK1                           100      100      100         1

        CLASS   BANK2          
                bssBANK2                            200      200      100         1

        CLASS   BANK3          
                bssBANK3                            300      300      100         1

        CLASS   BANK4          
                cstackBANK4                         400      400       24         1

        CLASS   BANK5          

        CLASS   SFR            

        CLASS   FARRAM         

        CLASS   CONFIG         
                config                           300000   300000        E         0

        CLASS   IDLOC          
                idloc                            200000   200000        8         0

        CLASS   EEDATA         



SEGMENTS        Name                           Load    Length   Top    Selector   Space  Class

                reset_vec                      000000  000004  000004         0       0  CODE    
                cstackCOMRAM                   000001  00006B  00006C         1       1  COMRAM  
                intcode                        000008  002EC1  002EC9         4       0  CODE    
                dataBANK0                      000080  00007C  0000FC        80       1  BANK0   
                dataBANK1                      000100  000100  000200       100       1  BANK1   
                bssBANK2                       000200  000100  000300       200       1  BANK2   
                bssBANK3                       000300  000100  000400       300       1  BANK3   
                cstackBANK4                    000400  000024  000424       400       1  BANK4   
                idloc                          200000  000008  200008    200000       0  IDLOC   
                config                         300000  00000E  30000E    300000       0  CONFIG  


UNUSED ADDRESS RANGES

        Name                Unused          Largest block    Delta
        BANK0            0000FC-0000FF                4
        BANK4            000424-0004FF               DC
        BANK5            000500-0005F3               F4
        BIGRAM           00006C-00007F               14
                         0000FC-0000FF                4
                         000424-0005F3              1D0
        CODE             000004-000007                4
                         002EC9-007DBF             4EF7
        COMRAM           00006C-00007F               14
        CONST            000004-000007                4
                         002EC9-007DBF             4EF7
        EEDATA           F00000-F000FF              100
        MEDIUMCONST      002EC9-007DBF             4EF7
        RAM              0000FC-0000FF                4
                         000424-0005F3               DC
        SFR              000F80-000F9B               1C
                         000F9D-000FD3               37
                         000FD5-000FDA                6
                         000FE0-000FE2                3
                         000FE8-000FEA                3
                         000FF0-000FFC                D
        SMALLCONST       002EC9-007DBF              100
        STACK            000424-0005F3              1D0

                                  Symbol Table

?___awmod                cstackCOMRAM 000037
?___fldiv                cstackCOMRAM 000023
?___fltol                cstackCOMRAM 00002F
?___omul                 cstackCOMRAM 000015
?___wmul                 cstackCOMRAM 000015
?___xxtofl               cstackCOMRAM 000015
?_rand                   cstackCOMRAM 00002D
?_time                   cstackCOMRAM 000015
_ADCON0                  (abs)        000FC2
_ADCON0bits              (abs)        000FC2
_ADCON1                  (abs)        000FC1
_ADCON2                  (abs)        000FC0
_ADRES                   (abs)        000FC3
_INTCONbits              (abs)        000FF2
_ISR                     intcode      000008
_LATA                    (abs)        000F89
_LATBbits                (abs)        000F8A
_LATCbits                (abs)        000F8B
_LATDbits                (abs)        000F8C
_LED                     bssBANK3     000300
_PORTA                   (abs)        000F80
_PORTD                   (abs)        000F83
_PORTDbits               (abs)        000F83
_RCONbits                (abs)        000FD0
_T0CON                   (abs)        000FD5
_TMR0IE                  (abs)        007F95
_TMR0IF                  (abs)        007F92
_TMR0L                   (abs)        000FD6
_TRISAbits               (abs)        000F92
_TRISB                   (abs)        000F93
_TRISC                   (abs)        000F94
_TRISD                   (abs)        000F95
__CFG_BOREN$SBORDIS      (abs)        000000
__CFG_BORV$3             (abs)        000000
__CFG_CCP2MX$PORTC       (abs)        000000
__CFG_CP0$OFF            (abs)        000000
__CFG_CP1$OFF            (abs)        000000
__CFG_CP2$OFF            (abs)        000000
__CFG_CP3$OFF            (abs)        000000
__CFG_CPB$OFF            (abs)        000000
__CFG_CPD$OFF            (abs)        000000
__CFG_EBTR0$OFF          (abs)        000000
__CFG_EBTR1$OFF          (abs)        000000
__CFG_EBTR2$OFF          (abs)        000000
__CFG_EBTR3$OFF          (abs)        000000
__CFG_EBTRB$OFF          (abs)        000000
__CFG_FCMEN$OFF          (abs)        000000
__CFG_IESO$OFF           (abs)        000000
__CFG_LPT1OSC$OFF        (abs)        000000
__CFG_LVP$OFF            (abs)        000000
__CFG_MCLRE$ON           (abs)        000000
__CFG_OSC$INTIO67        (abs)        000000
__CFG_PBADEN$OFF         (abs)        000000
__CFG_PWRT$OFF           (abs)        000000
__CFG_STVREN$ON          (abs)        000000
__CFG_WDT$OFF            (abs)        000000
__CFG_WDTPS$32768        (abs)        000000
__CFG_WRT0$OFF           (abs)        000000
__CFG_WRT1$OFF           (abs)        000000
__CFG_WRT2$OFF           (abs)        000000
__CFG_WRT3$OFF           (abs)        000000
__CFG_WRTB$OFF           (abs)        000000
__CFG_WRTC$OFF           (abs)        000000
__CFG_WRTD$OFF           (abs)        000000
__CFG_XINST$OFF          (abs)        000000
__HRAM                   (abs)        000000
__Habs1                  abs1         000000
__Hbank0                 bank0        000000
__Hbank1                 bank1        000000
__Hbank2                 bank2        000000
__Hbank3                 bank3        000000
__Hbank4                 bank4        000000
__Hbank5                 bank5        000000
__Hbigbss                bigbss       000000
__Hbigdata               bigdata      000000
__Hbigram                bigram       000000
__Hbss                   bss          000000
__HbssBANK0              bssBANK0     000000
__HbssBANK2              bssBANK2     000000
__HbssBANK3              bssBANK3     000000
__HbssCOMRAM             bssCOMRAM    000000
__Hcinit                 cinit        000000
__Hclrtext               clrtext      000000
__Hcomram                comram       000000
__Hconfig                config       30000E
__Hconst                 const        000000
__HcstackBANK0           cstackBANK0  000000
__HcstackBANK4           cstackBANK4  000000
__HcstackCOMRAM          cstackCOMRAM 000000
__Hdata                  data         000000
__HdataBANK0             dataBANK0    000000
__HdataBANK1             dataBANK1    000000
__HdataCOMRAM            dataCOMRAM   000000
__Heeprom_data           eeprom_data  000000
__Hfarbss                farbss       000000
__Hfardata               fardata      000000
__Hibigdata              ibigdata     000000
__Hidata                 idata        000000
__HidataBANK0            idataBANK0   000000
__HidataBANK1            idataBANK1   000000
__HidataCOMRAM           idataCOMRAM  000000
__Hidloc                 idloc        200008
__Hifardata              ifardata     000000
__Hinit                  init         000012
__Hintcode               intcode      00000E
__Hintcode_body          intcode_body 000000
__Hintcodelo             intcodelo    00000E
__Hintentry              intentry     000000
__Hintret                intret       000000
__Hintsave_regs          intsave_regs 000000
__Hirdata                irdata       000000
__Hmediumconst           mediumconst  000000
__HnvFARRAM              nvFARRAM     000000
__Hnvbit                 nvbit        000000
__Hnvrram                nvrram       000000
__Hparam                 rparam       000000
__Hpowerup               powerup      00000E
__Hram                   ram          000000
__Hramtop                ramtop       000600
__Hrbit                  rbit         000000
__Hrbss                  rbss         000000
__Hrdata                 rdata        000000
__Hreset_vec             reset_vec    000004
__Hrparam                rparam       000000
__Hsfr                   sfr          000000
__Hsmallconst            smallconst   000000
__Hspace_0               (abs)        30000E
__Hspace_1               (abs)        000424
__Hspace_2               (abs)        000000
__Hstack                 stack        000000
__Hstruct                struct       000000
__Htemp                  temp         00006C
__Htext                  text         000000
__Htext0                 text0        000000
__Htext1                 text1        000000
__Htext10                text10       000000
__Htext11                text11       000000
__Htext12                text12       000000
__Htext13                text13       000000
__Htext14                text14       000000
__Htext15                text15       000000
__Htext16                text16       000000
__Htext17                text17       000000
__Htext18                text18       000000
__Htext19                text19       000000
__Htext2                 text2        000000
__Htext20                text20       000000
__Htext21                text21       000000
__Htext22                text22       000000
__Htext23                text23       000000
__Htext24                text24       000000
__Htext25                text25       000000
__Htext26                text26       000000
__Htext27                text27       000000
__Htext28                text28       000000
__Htext3                 text3        000000
__Htext30                text30       000000
__Htext31                text31       000000
__Htext4                 text4        000000
__Htext5                 text5        000000
__Htext6                 text6        000000
__Htext7                 text7        000000
__Htext8                 text8        000000
__Htext9                 text9        000000
__LRAM                   (abs)        000001
__Labs1                  abs1         000000
__Lbank0                 bank0        000000
__Lbank1                 bank1        000000
__Lbank2                 bank2        000000
__Lbank3                 bank3        000000
__Lbank4                 bank4        000000
__Lbank5                 bank5        000000
__Lbigbss                bigbss       000000
__Lbigdata               bigdata      000000
__Lbigram                bigram       000000
__Lbss                   bss          000000
__LbssBANK0              bssBANK0     000000
__LbssBANK2              bssBANK2     000000
__LbssBANK3              bssBANK3     000000
__LbssCOMRAM             bssCOMRAM    000000
__Lcinit                 cinit        000000
__Lclrtext               clrtext      000000
__Lcomram                comram       000000
__Lconfig                config       300000
__Lconst                 const        000000
__LcstackBANK0           cstackBANK0  000000
__LcstackBANK4           cstackBANK4  000000
__LcstackCOMRAM          cstackCOMRAM 000000
__Ldata                  data         000000
__LdataBANK0             dataBANK0    000000
__LdataBANK1             dataBANK1    000000
__LdataCOMRAM            dataCOMRAM   000000
__Leeprom_data           eeprom_data  000000
__Lfarbss                farbss       000000
__Lfardata               fardata      000000
__Libigdata              ibigdata     000000
__Lidata                 idata        000000
__LidataBANK0            idataBANK0   000000
__LidataBANK1            idataBANK1   000000
__LidataCOMRAM           idataCOMRAM  000000
__Lidloc                 idloc        200000
__Lifardata              ifardata     000000
__Linit                  init         00000E
__Lintcode               intcode      000008
__Lintcode_body          intcode_body 000000
__Lintcodelo             intcodelo    00000E
__Lintentry              intentry     000000
__Lintret                intret       000000
__Lintsave_regs          intsave_regs 000000
__Lirdata                irdata       000000
__Lmediumconst           mediumconst  000000
__LnvFARRAM              nvFARRAM     000000
__Lnvbit                 nvbit        000000
__Lnvrram                nvrram       000000
__Lparam                 rparam       000000
__Lpowerup               powerup      00000E
__Lram                   ram          000000
__Lramtop                ramtop       000600
__Lrbit                  rbit         000000
__Lrbss                  rbss         000000
__Lrdata                 rdata        000000
__Lreset_vec             reset_vec    000000
__Lrparam                rparam       000000
__Lsfr                   sfr          000000
__Lsmallconst            smallconst   000000
__Lspace_0               (abs)        000000
__Lspace_1               (abs)        000000
__Lspace_2               (abs)        000000
__Lstack                 stack        000000
__Lstruct                struct       000000
__Ltemp                  temp         00006B
__Ltext                  text         000000
__Ltext0                 text0        000000
__Ltext1                 text1        000000
__Ltext10                text10       000000
__Ltext11                text11       000000
__Ltext12                text12       000000
__Ltext13                text13       000000
__Ltext14                text14       000000
__Ltext15                text15       000000
__Ltext16                text16       000000
__Ltext17                text17       000000
__Ltext18                text18       000000
__Ltext19                text19       000000
__Ltext2                 text2        000000
__Ltext20                text20       000000
__Ltext21                text21       000000
__Ltext22                text22       000000
__Ltext23                text23       000000
__Ltext24                text24       000000
__Ltext25                text25       000000
__Ltext26                text26       000000
__Ltext27                text27       000000
__Ltext28                text28       000000
__Ltext3                 text3        000000
__Ltext30                text30       000000
__Ltext31                text31       000000
__Ltext4                 text4        000000
__Ltext5                 text5        000000
__Ltext6                 text6        000000
__Ltext7                 text7        000000
__Ltext8                 text8        000000
__Ltext9                 text9        000000
__S0                     (abs)        30000E
__S1                     (abs)        000424
__S2                     (abs)        000000
___awmod                 text23       0029AC
___awmod@counter         cstackBANK0  0000E8
___awmod@dividend        cstackCOMRAM 000037
___awmod@divisor         cstackCOMRAM 000039
___awmod@sign            cstackBANK0  0000E9
___fldiv                 text28       000C02
___fldiv@a               cstackCOMRAM 000027
___fldiv@aexp            cstackBANK0  0000F4
___fldiv@b               cstackCOMRAM 000023
___fldiv@bexp            cstackBANK0  0000F3
___fldiv@grs             cstackBANK0  0000EF
___fldiv@new_exp         cstackBANK0  0000ED
___fldiv@rem             cstackBANK0  0000E8
___fldiv@sign            cstackBANK0  0000EC
___fltol                 text27       002480
___fltol@exp1            cstackCOMRAM 000038
___fltol@f1              cstackCOMRAM 00002F
___fltol@sign1           cstackCOMRAM 000037
___inthi_sp              stack        000000
___intlo_sp              stack        000000
___omul                  text21       002A5E
___omul@multiplicand     cstackCOMRAM 00001D
___omul@multiplier       cstackCOMRAM 000015
___omul@product          cstackCOMRAM 000025
___param_bank            (abs)        000000
___rparam_used           (abs)        000001
___sp                    stack        000000
___wmul                  text22       002E20
___wmul@multiplicand     cstackCOMRAM 000017
___wmul@multiplier       cstackCOMRAM 000015
___wmul@product          cstackCOMRAM 000019
___xxtofl                text26       001F48
___xxtofl@arg            cstackCOMRAM 00001F
___xxtofl@exp            cstackCOMRAM 00001E
___xxtofl@sign           cstackCOMRAM 00001D
___xxtofl@val            cstackCOMRAM 000015
__accesstop              (abs)        000080
__activetblptr           (abs)        000002
__end_of_ISR             intcode_body 00224C
__end_of___awmod         text23       002A5E
__end_of___fldiv         text28       000F9E
__end_of___fltol         text27       002586
__end_of___omul          text21       002AFC
__end_of___wmul          text22       002E46
__end_of___xxtofl        text26       0020FC
__end_of__initialization cinit        00299E
__end_of_ball            text24       0028FA
__end_of_board           text31       00130E
__end_of_clear_matrix    text8        002D66
__end_of_initMap         text17       0018D8
__end_of_init_max7219    text7        002830
__end_of_initial         text6        001B52
__end_of_main            text0        00162A
__end_of_move            text30       000C02
__end_of_move_ball       text25       001D66
__end_of_plot            text5        000448
__end_of_printError      text4        002480
__end_of_printWin        text3        00236E
__end_of_rand            text20       002762
__end_of_set_register1   text15       002EBE
__end_of_set_register2   text13       002EA0
__end_of_set_register3   text11       002E82
__end_of_set_register4   text9        002E64
__end_of_shiftOut1       text16       002D14
__end_of_shiftOut2       text14       002C90
__end_of_shiftOut3       text12       002C0C
__end_of_shiftOut4       text10       002B84
__end_of_srand           text19       002E20
__end_of_time            text18       002DB2
__end_of_updateCar       text2        001F48
__end_of_updateMap       text1        000826
__initialization         cinit        0028FA
__mediumconst            mediumconst  000000
__pbssBANK0              bssBANK0     0000C0
__pbssBANK2              bssBANK2     000200
__pbssBANK3              bssBANK3     000300
__pbssCOMRAM             bssCOMRAM    00003B
__pcinit                 cinit        0028FA
__pcstackBANK0           cstackBANK0  0000E8
__pcstackBANK4           cstackBANK4  000400
__pcstackCOMRAM          cstackCOMRAM 000001
__pdataBANK0             dataBANK0    000080
__pdataBANK1             dataBANK1    000100
__pdataCOMRAM            dataCOMRAM   000060
__pidataBANK0            idataBANK0   002DB2
__pidataBANK1            idataBANK1   002586
__pidataCOMRAM           idataCOMRAM  002EBE
__pintcode               intcode      000008
__pintcode_body          intcode_body 0020FC
__ptext0                 text0        00130E
__ptext1                 text1        000448
__ptext10                text10       002AFC
__ptext11                text11       002E64
__ptext12                text12       002B84
__ptext13                text13       002E82
__ptext14                text14       002C0C
__ptext15                text15       002EA0
__ptext16                text16       002C90
__ptext17                text17       00162A
__ptext18                text18       002D66
__ptext19                text19       002DF2
__ptext2                 text2        001D66
__ptext20                text20       002686
__ptext21                text21       002A5E
__ptext22                text22       002E20
__ptext23                text23       0029AC
__ptext24                text24       002830
__ptext25                text25       001B52
__ptext26                text26       001F48
__ptext27                text27       002480
__ptext28                text28       000C02
__ptext3                 text3        00224C
__ptext30                text30       000826
__ptext31                text31       000F9E
__ptext4                 text4        00236E
__ptext5                 text5        000012
__ptext6                 text6        0018D8
__ptext7                 text7        002762
__ptext8                 text8        002D14
__ptext9                 text9        002E46
__ramtop                 ramtop       000600
__size_of_ISR            (abs)        000000
__size_of___awmod        (abs)        000000
__size_of___fldiv        (abs)        000000
__size_of___fltol        (abs)        000000
__size_of___omul         (abs)        000000
__size_of___wmul         (abs)        000000
__size_of___xxtofl       (abs)        000000
__size_of_ball           (abs)        000000
__size_of_board          (abs)        000000
__size_of_clear_matrix   (abs)        000000
__size_of_initMap        (abs)        000000
__size_of_init_max7219   (abs)        000000
__size_of_initial        (abs)        000000
__size_of_main           (abs)        000000
__size_of_move           (abs)        000000
__size_of_move_ball      (abs)        000000
__size_of_plot           (abs)        000000
__size_of_printError     (abs)        000000
__size_of_printWin       (abs)        000000
__size_of_rand           (abs)        000000
__size_of_set_register1  (abs)        000000
__size_of_set_register2  (abs)        000000
__size_of_set_register3  (abs)        000000
__size_of_set_register4  (abs)        000000
__size_of_shiftOut1      (abs)        000000
__size_of_shiftOut2      (abs)        000000
__size_of_shiftOut3      (abs)        000000
__size_of_shiftOut4      (abs)        000000
__size_of_srand          (abs)        000000
__size_of_time           (abs)        000000
__size_of_updateCar      (abs)        000000
__size_of_updateMap      (abs)        000000
__smallconst             smallconst   000000
_a                       bssCOMRAM    000053
_b                       bssCOMRAM    000052
_ball                    text24       002830
_ball_last_x             dataCOMRAM   000064
_ball_last_y             dataCOMRAM   000062
_ball_x                  dataCOMRAM   000068
_ball_y                  dataCOMRAM   000066
_board                   text31       000F9E
_c                       bssCOMRAM    000051
_car                     bssBANK0     0000C0
_clear_matrix            text8        002D14
_d                       bssCOMRAM    000050
_end                     bssCOMRAM    000055
_endBall                 bssCOMRAM    00004B
_endSnake                bssCOMRAM    00004D
_error                   bssCOMRAM    000056
_initMap                 text17       00162A
_init_max7219            text7        002762
_initial                 text6        0018D8
_input                   dataCOMRAM   00006A
_left_board              dataBANK0    0000A0
_main                    text0        00130E
_map                     bssBANK2     000200
_mode                    bssCOMRAM    00005F
_move                    text30       000826
_move_ball               text25       001B52
_outputMap1              dataBANK1    000100
_player                  dataCOMRAM   000060
_plot                    text5        000012
_printError              text4        00236E
_printWin                text3        00224C
_rand                    text20       002686
_right_board             dataBANK0    000080
_seed                    bssCOMRAM    000057
_select                  bssCOMRAM    000054
_set_register1           text15       002EA0
_set_register2           text13       002E82
_set_register3           text11       002E64
_set_register4           text9        002E46
_shiftOut1               text16       002C90
_shiftOut2               text14       002C0C
_shiftOut3               text12       002B84
_shiftOut4               text10       002AFC
_srand                   text19       002DF2
_time                    text18       002D66
_updateCar               text2        001D66
_updateMap               text1        000448
_win                     bssCOMRAM    00004F
ball@i                   cstackCOMRAM 000021
ball@j                   cstackCOMRAM 000023
board@i                  cstackCOMRAM 000009
board@k                  cstackCOMRAM 000007
board@left_down          cstackCOMRAM 000001
board@left_up            cstackCOMRAM 000006
board@right_down         cstackCOMRAM 000003
board@right_up           cstackCOMRAM 000002
btemp                    temp         00006B
clear_matrix@i           cstackCOMRAM 00001B
end_of_initialization    cinit        00299E
initMap@i                cstackBANK0  0000F4
initMap@j                cstackBANK0  0000F6
initMap@num              cstackBANK0  0000F2
initial@k                cstackCOMRAM 000019
int$flags                temp         00006B
int_func                 intcode_body 0020FC
intlevel0                text         000000
intlevel1                text         000000
intlevel2                text         000000
intlevel3                text         000000
main@speed               cstackBANK0  0000FA
move@direct              cstackCOMRAM 000001
move@i                   cstackCOMRAM 00000B
move@j                   cstackCOMRAM 00000D
move_ball@rebound        cstackCOMRAM 00001B
move_ball@x_direct       cstackCOMRAM 000017
move_ball@y_direct       cstackCOMRAM 000019
plot@char_pattern1       cstackBANK4  000400
plot@char_pattern2       cstackBANK4  000408
plot@char_pattern3       cstackBANK4  000410
plot@char_pattern4       cstackBANK4  000418
plot@i                   cstackBANK4  000422
plot@j                   cstackBANK4  000420
plot@pattern             cstackCOMRAM 00001B
printError@i             cstackCOMRAM 000019
printError@j             cstackCOMRAM 00001B
printWin@i               cstackCOMRAM 000019
printWin@j               cstackCOMRAM 00001B
set_register1@address    cstackCOMRAM 00001A
set_register1@value      cstackCOMRAM 000019
set_register2@address    cstackCOMRAM 00001A
set_register2@value      cstackCOMRAM 000019
set_register3@address    cstackCOMRAM 00001A
set_register3@value      cstackCOMRAM 000019
set_register4@address    cstackCOMRAM 00001A
set_register4@value      cstackCOMRAM 000019
shiftOut1@bitOrder       cstackCOMRAM 000017
shiftOut1@i              cstackCOMRAM 000018
shiftOut1@val            cstackCOMRAM 000015
shiftOut2@bitOrder       cstackCOMRAM 000017
shiftOut2@i              cstackCOMRAM 000018
shiftOut2@val            cstackCOMRAM 000015
shiftOut3@bitOrder       cstackCOMRAM 000017
shiftOut3@i              cstackCOMRAM 000018
shiftOut3@val            cstackCOMRAM 000015
shiftOut4@bitOrder       cstackCOMRAM 000017
shiftOut4@i              cstackCOMRAM 000018
shiftOut4@val            cstackCOMRAM 000015
srand@s                  cstackCOMRAM 00001D
stackhi                  (abs)        0005F3
stacklo                  (abs)        000424
start                    init         00000E
start_initialization     cinit        0028FA
time@t                   cstackCOMRAM 000015
ttemp5                   temp         00006C
ttemp6                   temp         00006F
ttemp7                   temp         000073
updateCar@j              cstackCOMRAM 00001B
updateCar@num            cstackCOMRAM 000019
updateMap@i              cstackCOMRAM 000025
updateMap@j              cstackCOMRAM 000027
wtemp8                   temp         00006C


FUNCTION INFORMATION:

 *************** function _main *****************
 Defined at:
		line 151 in file "main.c"
 Parameters:    Size  Location     Type
		None
 Auto vars:     Size  Location     Type
  speed           2   18[BANK0 ] int 
 Return value:  Size  Location     Type
                  1    wreg      void 
 Registers used:
		wreg, fsr1l, fsr1h, fsr2l, fsr2h, status,2, status,0, prodl, prodh, cstack
 Tracked objects:
		On entry : 
		On exit  : 
		Unchanged: 
 Data sizes:     COMRAM   BANK0   BANK1   BANK2   BANK3   BANK4   BANK5
      Params:         0       0       0       0       0       0       0
      Locals:         0       2       0       0       0       0       0
      Temps:          0       2       0       0       0       0       0
      Totals:         0       4       0       0       0       0       0
Total ram usage:        4 bytes
 Hardware stack levels required when called:    6
 This function calls:
		___fldiv
		___fltol
		___xxtofl
		_ball
		_initMap
		_init_max7219
		_initial
		_plot
		_updateMap
 This function is called by:
		Startup code after reset
 This function uses a non-reentrant model


 *************** function _updateMap *****************
 Defined at:
		line 80 in file "snake.c"
 Parameters:    Size  Location     Type
		None
 Auto vars:     Size  Location     Type
  j               2   38[COMRAM] int 
  i               2   36[COMRAM] int 
 Return value:  Size  Location     Type
                  1    wreg      void 
 Registers used:
		wreg, fsr2l, fsr2h, status,2, status,0, prodl, prodh, cstack
 Tracked objects:
		On entry : 
		On exit  : 
		Unchanged: 
 Data sizes:     COMRAM   BANK0   BANK1   BANK2   BANK3   BANK4   BANK5
      Params:         0       0       0       0       0       0       0
      Locals:         4       0       0       0       0       0       0
      Temps:          8       0       0       0       0       0       0
      Totals:        12       0       0       0       0       0       0
Total ram usage:       12 bytes
 Hardware stack levels used:    1
 Hardware stack levels required when called:    3
 This function calls:
		_printError
		_printWin
		_updateCar
 This function is called by:
		_main
 This function uses a non-reentrant model


 *************** function _updateCar *****************
 Defined at:
		line 59 in file "snake.c"
 Parameters:    Size  Location     Type
		None
 Auto vars:     Size  Location     Type
  num             2   24[COMRAM] int 
  j               2   26[COMRAM] int 
  i               2    0        int 
 Return value:  Size  Location     Type
                  1    wreg      void 
 Registers used:
		wreg, fsr2l, fsr2h, status,2, status,0
 Tracked objects:
		On entry : 
		On exit  : 
		Unchanged: 
 Data sizes:     COMRAM   BANK0   BANK1   BANK2   BANK3   BANK4   BANK5
      Params:         0       0       0       0       0       0       0
      Locals:         4       0       0       0       0       0       0
      Temps:          4       0       0       0       0       0       0
      Totals:         8       0       0       0       0       0       0
Total ram usage:        8 bytes
 Hardware stack levels used:    1
 Hardware stack levels required when called:    2
 This function calls:
		Nothing
 This function is called by:
		_updateMap
 This function uses a non-reentrant model


 *************** function _printWin *****************
 Defined at:
		line 44 in file "snake.c"
 Parameters:    Size  Location     Type
		None
 Auto vars:     Size  Location     Type
  j               2   26[COMRAM] int 
  i               2   24[COMRAM] int 
 Return value:  Size  Location     Type
                  1    wreg      void 
 Registers used:
		wreg, fsr2l, fsr2h, status,2, status,0
 Tracked objects:
		On entry : 
		On exit  : 
		Unchanged: 
 Data sizes:     COMRAM   BANK0   BANK1   BANK2   BANK3   BANK4   BANK5
      Params:         0       0       0       0       0       0       0
      Locals:         4       0       0       0       0       0       0
      Temps:          4       0       0       0       0       0       0
      Totals:         8       0       0       0       0       0       0
Total ram usage:        8 bytes
 Hardware stack levels used:    1
 Hardware stack levels required when called:    2
 This function calls:
		Nothing
 This function is called by:
		_updateMap
 This function uses a non-reentrant model


 *************** function _printError *****************
 Defined at:
		line 31 in file "snake.c"
 Parameters:    Size  Location     Type
		None
 Auto vars:     Size  Location     Type
  j               2   26[COMRAM] int 
  i               2   24[COMRAM] int 
 Return value:  Size  Location     Type
                  1    wreg      void 
 Registers used:
		wreg, fsr2l, fsr2h, status,2, status,0
 Tracked objects:
		On entry : 
		On exit  : 
		Unchanged: 
 Data sizes:     COMRAM   BANK0   BANK1   BANK2   BANK3   BANK4   BANK5
      Params:         0       0       0       0       0       0       0
      Locals:         4       0       0       0       0       0       0
      Temps:          4       0       0       0       0       0       0
      Totals:         8       0       0       0       0       0       0
Total ram usage:        8 bytes
 Hardware stack levels used:    1
 Hardware stack levels required when called:    2
 This function calls:
		Nothing
 This function is called by:
		_updateMap
 This function uses a non-reentrant model


 *************** function _plot *****************
 Defined at:
		line 182 in file "led-metrix.c"
 Parameters:    Size  Location     Type
  pattern         2   26[COMRAM] PTR unsigned char [16]
		 -> LED(256), map(256), outputMap1(256), 
 Auto vars:     Size  Location     Type
  char_pattern    8   24[BANK4 ] unsigned char [8]
  char_pattern    8   16[BANK4 ] unsigned char [8]
  char_pattern    8    8[BANK4 ] unsigned char [8]
  char_pattern    8    0[BANK4 ] unsigned char [8]
  i               2   34[BANK4 ] int 
  j               2   32[BANK4 ] int 
 Return value:  Size  Location     Type
                  1    wreg      void 
 Registers used:
		wreg, fsr2l, fsr2h, status,2, status,0, cstack
 Tracked objects:
		On entry : 
		On exit  : 
		Unchanged: 
 Data sizes:     COMRAM   BANK0   BANK1   BANK2   BANK3   BANK4   BANK5
      Params:         2       0       0       0       0       0       0
      Locals:         0       0       0       0       0      36       0
      Temps:          5       0       0       0       0       0       0
      Totals:         7       0       0       0       0      36       0
Total ram usage:       43 bytes
 Hardware stack levels used:    1
 Hardware stack levels required when called:    4
 This function calls:
		_set_register1
		_set_register2
		_set_register3
		_set_register4
 This function is called by:
		_main
 This function uses a non-reentrant model


 *************** function _initial *****************
 Defined at:
		line 79 in file "ball.c"
 Parameters:    Size  Location     Type
		None
 Auto vars:     Size  Location     Type
  k               2   24[COMRAM] int 
 Return value:  Size  Location     Type
                  1    wreg      void 
 Registers used:
		wreg, fsr1l, fsr1h, fsr2l, fsr2h, status,2, status,0
 Tracked objects:
		On entry : 
		On exit  : 
		Unchanged: 
 Data sizes:     COMRAM   BANK0   BANK1   BANK2   BANK3   BANK4   BANK5
      Params:         0       0       0       0       0       0       0
      Locals:         2       0       0       0       0       0       0
      Temps:          4       0       0       0       0       0       0
      Totals:         6       0       0       0       0       0       0
Total ram usage:        6 bytes
 Hardware stack levels used:    1
 Hardware stack levels required when called:    2
 This function calls:
		Nothing
 This function is called by:
		_main
 This function uses a non-reentrant model


 *************** function _init_max7219 *****************
 Defined at:
		line 134 in file "led-metrix.c"
 Parameters:    Size  Location     Type
		None
 Auto vars:     Size  Location     Type
		None
 Return value:  Size  Location     Type
                  1    wreg      void 
 Registers used:
		wreg, status,2, status,0, cstack
 Tracked objects:
		On entry : 
		On exit  : 
		Unchanged: 
 Data sizes:     COMRAM   BANK0   BANK1   BANK2   BANK3   BANK4   BANK5
      Params:         0       0       0       0       0       0       0
      Locals:         0       0       0       0       0       0       0
      Temps:          0       0       0       0       0       0       0
      Totals:         0       0       0       0       0       0       0
Total ram usage:        0 bytes
 Hardware stack levels used:    1
 Hardware stack levels required when called:    5
 This function calls:
		_clear_matrix
		_set_register1
		_set_register2
		_set_register3
		_set_register4
 This function is called by:
		_main
 This function uses a non-reentrant model


 *************** function _clear_matrix *****************
 Defined at:
		line 122 in file "led-metrix.c"
 Parameters:    Size  Location     Type
		None
 Auto vars:     Size  Location     Type
  i               2   26[COMRAM] int 
 Return value:  Size  Location     Type
                  1    wreg      void 
 Registers used:
		wreg, status,2, status,0, cstack
 Tracked objects:
		On entry : 
		On exit  : 
		Unchanged: 
 Data sizes:     COMRAM   BANK0   BANK1   BANK2   BANK3   BANK4   BANK5
      Params:         0       0       0       0       0       0       0
      Locals:         2       0       0       0       0       0       0
      Temps:          0       0       0       0       0       0       0
      Totals:         2       0       0       0       0       0       0
Total ram usage:        2 bytes
 Hardware stack levels used:    1
 Hardware stack levels required when called:    4
 This function calls:
		_set_register1
		_set_register2
		_set_register3
		_set_register4
 This function is called by:
		_init_max7219
 This function uses a non-reentrant model


 *************** function _set_register4 *****************
 Defined at:
		line 114 in file "led-metrix.c"
 Parameters:    Size  Location     Type
  address         1    wreg     unsigned char 
  value           1   24[COMRAM] unsigned char 
 Auto vars:     Size  Location     Type
  address         1   25[COMRAM] unsigned char 
 Return value:  Size  Location     Type
                  1    wreg      void 
 Registers used:
		wreg, status,2, status,0, cstack
 Tracked objects:
		On entry : 
		On exit  : 
		Unchanged: 
 Data sizes:     COMRAM   BANK0   BANK1   BANK2   BANK3   BANK4   BANK5
      Params:         1       0       0       0       0       0       0
      Locals:         1       0       0       0       0       0       0
      Temps:          0       0       0       0       0       0       0
      Totals:         2       0       0       0       0       0       0
Total ram usage:        2 bytes
 Hardware stack levels used:    1
 Hardware stack levels required when called:    3
 This function calls:
		_shiftOut4
 This function is called by:
		_clear_matrix
		_init_max7219
		_plot
 This function uses a non-reentrant model


 *************** function _shiftOut4 *****************
 Defined at:
		line 66 in file "led-metrix.c"
 Parameters:    Size  Location     Type
  bitOrder        1    wreg     unsigned char 
  val             1   20[COMRAM] unsigned char 
 Auto vars:     Size  Location     Type
  bitOrder        1   22[COMRAM] unsigned char 
  i               1   23[COMRAM] unsigned char 
 Return value:  Size  Location     Type
                  1    wreg      void 
 Registers used:
		wreg, status,2, status,0
 Tracked objects:
		On entry : 
		On exit  : 
		Unchanged: 
 Data sizes:     COMRAM   BANK0   BANK1   BANK2   BANK3   BANK4   BANK5
      Params:         1       0       0       0       0       0       0
      Locals:         2       0       0       0       0       0       0
      Temps:          1       0       0       0       0       0       0
      Totals:         4       0       0       0       0       0       0
Total ram usage:        4 bytes
 Hardware stack levels used:    1
 Hardware stack levels required when called:    2
 This function calls:
		Nothing
 This function is called by:
		_set_register4
 This function uses a non-reentrant model


 *************** function _set_register3 *****************
 Defined at:
		line 106 in file "led-metrix.c"
 Parameters:    Size  Location     Type
  address         1    wreg     unsigned char 
  value           1   24[COMRAM] unsigned char 
 Auto vars:     Size  Location     Type
  address         1   25[COMRAM] unsigned char 
 Return value:  Size  Location     Type
                  1    wreg      void 
 Registers used:
		wreg, status,2, status,0, cstack
 Tracked objects:
		On entry : 
		On exit  : 
		Unchanged: 
 Data sizes:     COMRAM   BANK0   BANK1   BANK2   BANK3   BANK4   BANK5
      Params:         1       0       0       0       0       0       0
      Locals:         1       0       0       0       0       0       0
      Temps:          0       0       0       0       0       0       0
      Totals:         2       0       0       0       0       0       0
Total ram usage:        2 bytes
 Hardware stack levels used:    1
 Hardware stack levels required when called:    3
 This function calls:
		_shiftOut3
 This function is called by:
		_clear_matrix
		_init_max7219
		_plot
 This function uses a non-reentrant model


 *************** function _shiftOut3 *****************
 Defined at:
		line 45 in file "led-metrix.c"
 Parameters:    Size  Location     Type
  bitOrder        1    wreg     unsigned char 
  val             1   20[COMRAM] unsigned char 
 Auto vars:     Size  Location     Type
  bitOrder        1   22[COMRAM] unsigned char 
  i               1   23[COMRAM] unsigned char 
 Return value:  Size  Location     Type
                  1    wreg      void 
 Registers used:
		wreg, status,2, status,0
 Tracked objects:
		On entry : 
		On exit  : 
		Unchanged: 
 Data sizes:     COMRAM   BANK0   BANK1   BANK2   BANK3   BANK4   BANK5
      Params:         1       0       0       0       0       0       0
      Locals:         2       0       0       0       0       0       0
      Temps:          1       0       0       0       0       0       0
      Totals:         4       0       0       0       0       0       0
Total ram usage:        4 bytes
 Hardware stack levels used:    1
 Hardware stack levels required when called:    2
 This function calls:
		Nothing
 This function is called by:
		_set_register3
 This function uses a non-reentrant model


 *************** function _set_register2 *****************
 Defined at:
		line 98 in file "led-metrix.c"
 Parameters:    Size  Location     Type
  address         1    wreg     unsigned char 
  value           1   24[COMRAM] unsigned char 
 Auto vars:     Size  Location     Type
  address         1   25[COMRAM] unsigned char 
 Return value:  Size  Location     Type
                  1    wreg      void 
 Registers used:
		wreg, status,2, status,0, cstack
 Tracked objects:
		On entry : 
		On exit  : 
		Unchanged: 
 Data sizes:     COMRAM   BANK0   BANK1   BANK2   BANK3   BANK4   BANK5
      Params:         1       0       0       0       0       0       0
      Locals:         1       0       0       0       0       0       0
      Temps:          0       0       0       0       0       0       0
      Totals:         2       0       0       0       0       0       0
Total ram usage:        2 bytes
 Hardware stack levels used:    1
 Hardware stack levels required when called:    3
 This function calls:
		_shiftOut2
 This function is called by:
		_clear_matrix
		_init_max7219
		_plot
 This function uses a non-reentrant model


 *************** function _shiftOut2 *****************
 Defined at:
		line 24 in file "led-metrix.c"
 Parameters:    Size  Location     Type
  bitOrder        1    wreg     unsigned char 
  val             1   20[COMRAM] unsigned char 
 Auto vars:     Size  Location     Type
  bitOrder        1   22[COMRAM] unsigned char 
  i               1   23[COMRAM] unsigned char 
 Return value:  Size  Location     Type
                  1    wreg      void 
 Registers used:
		wreg, status,2, status,0
 Tracked objects:
		On entry : 
		On exit  : 
		Unchanged: 
 Data sizes:     COMRAM   BANK0   BANK1   BANK2   BANK3   BANK4   BANK5
      Params:         1       0       0       0       0       0       0
      Locals:         2       0       0       0       0       0       0
      Temps:          1       0       0       0       0       0       0
      Totals:         4       0       0       0       0       0       0
Total ram usage:        4 bytes
 Hardware stack levels used:    1
 Hardware stack levels required when called:    2
 This function calls:
		Nothing
 This function is called by:
		_set_register2
 This function uses a non-reentrant model


 *************** function _set_register1 *****************
 Defined at:
		line 90 in file "led-metrix.c"
 Parameters:    Size  Location     Type
  address         1    wreg     unsigned char 
  value           1   24[COMRAM] unsigned char 
 Auto vars:     Size  Location     Type
  address         1   25[COMRAM] unsigned char 
 Return value:  Size  Location     Type
                  1    wreg      void 
 Registers used:
		wreg, status,2, status,0, cstack
 Tracked objects:
		On entry : 
		On exit  : 
		Unchanged: 
 Data sizes:     COMRAM   BANK0   BANK1   BANK2   BANK3   BANK4   BANK5
      Params:         1       0       0       0       0       0       0
      Locals:         1       0       0       0       0       0       0
      Temps:          0       0       0       0       0       0       0
      Totals:         2       0       0       0       0       0       0
Total ram usage:        2 bytes
 Hardware stack levels used:    1
 Hardware stack levels required when called:    3
 This function calls:
		_shiftOut1
 This function is called by:
		_clear_matrix
		_init_max7219
		_plot
 This function uses a non-reentrant model


 *************** function _shiftOut1 *****************
 Defined at:
		line 3 in file "led-metrix.c"
 Parameters:    Size  Location     Type
  bitOrder        1    wreg     unsigned char 
  val             1   20[COMRAM] unsigned char 
 Auto vars:     Size  Location     Type
  bitOrder        1   22[COMRAM] unsigned char 
  i               1   23[COMRAM] unsigned char 
 Return value:  Size  Location     Type
                  1    wreg      void 
 Registers used:
		wreg, status,2, status,0
 Tracked objects:
		On entry : 
		On exit  : 
		Unchanged: 
 Data sizes:     COMRAM   BANK0   BANK1   BANK2   BANK3   BANK4   BANK5
      Params:         1       0       0       0       0       0       0
      Locals:         2       0       0       0       0       0       0
      Temps:          1       0       0       0       0       0       0
      Totals:         4       0       0       0       0       0       0
Total ram usage:        4 bytes
 Hardware stack levels used:    1
 Hardware stack levels required when called:    2
 This function calls:
		Nothing
 This function is called by:
		_set_register1
 This function uses a non-reentrant model


 *************** function _initMap *****************
 Defined at:
		line 123 in file "snake.c"
 Parameters:    Size  Location     Type
		None
 Auto vars:     Size  Location     Type
  num             2   10[BANK0 ] int 
  j               2   14[BANK0 ] int 
  i               2   12[BANK0 ] int 
 Return value:  Size  Location     Type
                  1    wreg      void 
 Registers used:
		wreg, fsr2l, fsr2h, status,2, status,0, prodl, prodh, cstack
 Tracked objects:
		On entry : 
		On exit  : 
		Unchanged: 
 Data sizes:     COMRAM   BANK0   BANK1   BANK2   BANK3   BANK4   BANK5
      Params:         0       0       0       0       0       0       0
      Locals:         0       6       0       0       0       0       0
      Temps:          0       8       0       0       0       0       0
      Totals:         0      14       0       0       0       0       0
Total ram usage:       14 bytes
 Hardware stack levels used:    1
 Hardware stack levels required when called:    4
 This function calls:
		___awmod
		___wmul
		_rand
		_srand
		_time
 This function is called by:
		_main
 This function uses a non-reentrant model


 *************** function _time *****************
 Defined at:
		line 6 in file "C:\Program Files (x86)\Microchip\xc8\v2.10\pic\sources\c99\common\time.c"
 Parameters:    Size  Location     Type
  t               2   20[COMRAM] PTR long long 
		 -> NULL(0), 
 Auto vars:     Size  Location     Type
		None
 Return value:  Size  Location     Type
                  8   20[COMRAM] long long 
 Registers used:
		wreg, fsr2l, fsr2h, status,2, status,0
 Tracked objects:
		On entry : 
		On exit  : 
		Unchanged: 
 Data sizes:     COMRAM   BANK0   BANK1   BANK2   BANK3   BANK4   BANK5
      Params:         8       0       0       0       0       0       0
      Locals:         0       0       0       0       0       0       0
      Temps:          0       0       0       0       0       0       0
      Totals:         8       0       0       0       0       0       0
Total ram usage:        8 bytes
 Hardware stack levels used:    1
 Hardware stack levels required when called:    2
 This function calls:
		Nothing
 This function is called by:
		_initMap
		_Delay
 This function uses a non-reentrant model


 *************** function _srand *****************
 Defined at:
		line 10 in file "C:\Program Files (x86)\Microchip\xc8\v2.10\pic\sources\c99\common\rand.c"
 Parameters:    Size  Location     Type
  s               2   28[COMRAM] unsigned int 
 Auto vars:     Size  Location     Type
		None
 Return value:  Size  Location     Type
                  1    wreg      void 
 Registers used:
		wreg, status,2, status,0
 Tracked objects:
		On entry : 
		On exit  : 
		Unchanged: 
 Data sizes:     COMRAM   BANK0   BANK1   BANK2   BANK3   BANK4   BANK5
      Params:         2       0       0       0       0       0       0
      Locals:         0       0       0       0       0       0       0
      Temps:          4       0       0       0       0       0       0
      Totals:         6       0       0       0       0       0       0
Total ram usage:        6 bytes
 Hardware stack levels used:    1
 Hardware stack levels required when called:    2
 This function calls:
		Nothing
 This function is called by:
		_initMap
 This function uses a non-reentrant model


 *************** function _rand *****************
 Defined at:
		line 15 in file "C:\Program Files (x86)\Microchip\xc8\v2.10\pic\sources\c99\common\rand.c"
 Parameters:    Size  Location     Type
		None
 Auto vars:     Size  Location     Type
		None
 Return value:  Size  Location     Type
                  2   44[COMRAM] int 
 Registers used:
		wreg, fsr2l, fsr2h, status,2, status,0, cstack
 Tracked objects:
		On entry : 
		On exit  : 
		Unchanged: 
 Data sizes:     COMRAM   BANK0   BANK1   BANK2   BANK3   BANK4   BANK5
      Params:         2       0       0       0       0       0       0
      Locals:         0       0       0       0       0       0       0
      Temps:          8       0       0       0       0       0       0
      Totals:        10       0       0       0       0       0       0
Total ram usage:       10 bytes
 Hardware stack levels used:    1
 Hardware stack levels required when called:    3
 This function calls:
		___omul
 This function is called by:
		_initMap
 This function uses a non-reentrant model


 *************** function ___omul *****************
 Defined at:
		line 91 in file "C:\Program Files (x86)\Microchip\xc8\v2.10\pic\sources\c99\common\Umul64.c"
 Parameters:    Size  Location     Type
  multiplier      8   20[COMRAM] unsigned long long 
  multiplicand    8   28[COMRAM] unsigned long long 
 Auto vars:     Size  Location     Type
  product         8   36[COMRAM] unsigned long long 
 Return value:  Size  Location     Type
                  8   20[COMRAM] unsigned long long 
 Registers used:
		wreg, fsr2l, fsr2h, status,2, status,0
 Tracked objects:
		On entry : 
		On exit  : 
		Unchanged: 
 Data sizes:     COMRAM   BANK0   BANK1   BANK2   BANK3   BANK4   BANK5
      Params:        16       0       0       0       0       0       0
      Locals:         8       0       0       0       0       0       0
      Temps:          0       0       0       0       0       0       0
      Totals:        24       0       0       0       0       0       0
Total ram usage:       24 bytes
 Hardware stack levels used:    1
 Hardware stack levels required when called:    2
 This function calls:
		Nothing
 This function is called by:
		_rand
 This function uses a non-reentrant model


 *************** function ___wmul *****************
 Defined at:
		line 15 in file "C:\Program Files (x86)\Microchip\xc8\v2.10\pic\sources\c99\common\Umul16.c"
 Parameters:    Size  Location     Type
  multiplier      2   20[COMRAM] unsigned int 
  multiplicand    2   22[COMRAM] unsigned int 
 Auto vars:     Size  Location     Type
  product         2   24[COMRAM] unsigned int 
 Return value:  Size  Location     Type
                  2   20[COMRAM] unsigned int 
 Registers used:
		wreg, status,2, status,0, prodl, prodh
 Tracked objects:
		On entry : 
		On exit  : 
		Unchanged: 
 Data sizes:     COMRAM   BANK0   BANK1   BANK2   BANK3   BANK4   BANK5
      Params:         4       0       0       0       0       0       0
      Locals:         2       0       0       0       0       0       0
      Temps:          0       0       0       0       0       0       0
      Totals:         6       0       0       0       0       0       0
Total ram usage:        6 bytes
 Hardware stack levels used:    1
 Hardware stack levels required when called:    2
 This function calls:
		Nothing
 This function is called by:
		_initMap
 This function uses a non-reentrant model


 *************** function ___awmod *****************
 Defined at:
		line 7 in file "C:\Program Files (x86)\Microchip\xc8\v2.10\pic\sources\c99\common\awmod.c"
 Parameters:    Size  Location     Type
  dividend        2   54[COMRAM] int 
  divisor         2   56[COMRAM] int 
 Auto vars:     Size  Location     Type
  sign            1    1[BANK0 ] unsigned char 
  counter         1    0[BANK0 ] unsigned char 
 Return value:  Size  Location     Type
                  2   54[COMRAM] int 
 Registers used:
		wreg, status,2, status,0
 Tracked objects:
		On entry : 
		On exit  : 
		Unchanged: 
 Data sizes:     COMRAM   BANK0   BANK1   BANK2   BANK3   BANK4   BANK5
      Params:         4       0       0       0       0       0       0
      Locals:         0       2       0       0       0       0       0
      Temps:          0       0       0       0       0       0       0
      Totals:         4       2       0       0       0       0       0
Total ram usage:        6 bytes
 Hardware stack levels used:    1
 Hardware stack levels required when called:    2
 This function calls:
		Nothing
 This function is called by:
		_initMap
 This function uses a non-reentrant model


 *************** function _ball *****************
 Defined at:
		line 134 in file "ball.c"
 Parameters:    Size  Location     Type
		None
 Auto vars:     Size  Location     Type
  j               2   34[COMRAM] int 
  i               2   32[COMRAM] int 
 Return value:  Size  Location     Type
                  1    wreg      void 
 Registers used:
		wreg, fsr2l, fsr2h, status,2, status,0, cstack
 Tracked objects:
		On entry : 
		On exit  : 
		Unchanged: 
 Data sizes:     COMRAM   BANK0   BANK1   BANK2   BANK3   BANK4   BANK5
      Params:         0       0       0       0       0       0       0
      Locals:         4       0       0       0       0       0       0
      Temps:          4       0       0       0       0       0       0
      Totals:         8       0       0       0       0       0       0
Total ram usage:        8 bytes
 Hardware stack levels used:    1
 Hardware stack levels required when called:    3
 This function calls:
		_move_ball
 This function is called by:
		_main
 This function uses a non-reentrant model


 *************** function _move_ball *****************
 Defined at:
		line 9 in file "ball.c"
 Parameters:    Size  Location     Type
		None
 Auto vars:     Size  Location     Type
  rebound         2   26[COMRAM] int 
  y_direct        2   24[COMRAM] int 
  x_direct        2   22[COMRAM] int 
  i               2    0        int 
 Return value:  Size  Location     Type
                  1    wreg      void 
 Registers used:
		wreg, fsr2l, fsr2h, status,2, status,0
 Tracked objects:
		On entry : 
		On exit  : 
		Unchanged: 
 Data sizes:     COMRAM   BANK0   BANK1   BANK2   BANK3   BANK4   BANK5
      Params:         0       0       0       0       0       0       0
      Locals:         6       0       0       0       0       0       0
      Temps:          2       0       0       0       0       0       0
      Totals:         8       0       0       0       0       0       0
Total ram usage:        8 bytes
 Hardware stack levels used:    1
 Hardware stack levels required when called:    2
 This function calls:
		Nothing
 This function is called by:
		_ball
 This function uses a non-reentrant model


 *************** function ___xxtofl *****************
 Defined at:
		line 10 in file "C:\Program Files (x86)\Microchip\xc8\v2.10\pic\sources\c99\common\xxtofl.c"
 Parameters:    Size  Location     Type
  sign            1    wreg     unsigned char 
  val             4   20[COMRAM] long 
 Auto vars:     Size  Location     Type
  sign            1   28[COMRAM] unsigned char 
  arg             4   30[COMRAM] unsigned long 
  exp             1   29[COMRAM] unsigned char 
 Return value:  Size  Location     Type
                  4   20[COMRAM] unsigned char 
 Registers used:
		wreg, status,2, status,0
 Tracked objects:
		On entry : 
		On exit  : 
		Unchanged: 
 Data sizes:     COMRAM   BANK0   BANK1   BANK2   BANK3   BANK4   BANK5
      Params:         4       0       0       0       0       0       0
      Locals:         6       0       0       0       0       0       0
      Temps:          4       0       0       0       0       0       0
      Totals:        14       0       0       0       0       0       0
Total ram usage:       14 bytes
 Hardware stack levels used:    1
 Hardware stack levels required when called:    2
 This function calls:
		Nothing
 This function is called by:
		_main
 This function uses a non-reentrant model


 *************** function ___fltol *****************
 Defined at:
		line 43 in file "C:\Program Files (x86)\Microchip\xc8\v2.10\pic\sources\c99\common\fltol.c"
 Parameters:    Size  Location     Type
  f1              4   46[COMRAM] unsigned char 
 Auto vars:     Size  Location     Type
  exp1            1   55[COMRAM] unsigned char 
  sign1           1   54[COMRAM] unsigned char 
 Return value:  Size  Location     Type
                  4   46[COMRAM] long 
 Registers used:
		wreg, status,2, status,0
 Tracked objects:
		On entry : 
		On exit  : 
		Unchanged: 
 Data sizes:     COMRAM   BANK0   BANK1   BANK2   BANK3   BANK4   BANK5
      Params:         4       0       0       0       0       0       0
      Locals:         2       0       0       0       0       0       0
      Temps:          4       0       0       0       0       0       0
      Totals:        10       0       0       0       0       0       0
Total ram usage:       10 bytes
 Hardware stack levels used:    1
 Hardware stack levels required when called:    2
 This function calls:
		Nothing
 This function is called by:
		_main
 This function uses a non-reentrant model


 *************** function ___fldiv *****************
 Defined at:
		line 11 in file "C:\Program Files (x86)\Microchip\xc8\v2.10\pic\sources\c99\common\sprcdiv.c"
 Parameters:    Size  Location     Type
  b               4   34[COMRAM] long 
  a               4   38[COMRAM] long 
 Auto vars:     Size  Location     Type
  grs             4    7[BANK0 ] unsigned long 
  rem             4    0[BANK0 ] unsigned long 
  new_exp         2    5[BANK0 ] short 
  aexp            1   12[BANK0 ] unsigned char 
  bexp            1   11[BANK0 ] unsigned char 
  sign            1    4[BANK0 ] unsigned char 
 Return value:  Size  Location     Type
                  4   34[COMRAM] unsigned char 
 Registers used:
		wreg, status,2, status,0
 Tracked objects:
		On entry : 
		On exit  : 
		Unchanged: 
 Data sizes:     COMRAM   BANK0   BANK1   BANK2   BANK3   BANK4   BANK5
      Params:         8       0       0       0       0       0       0
      Locals:         0      13       0       0       0       0       0
      Temps:          4       0       0       0       0       0       0
      Totals:        12      13       0       0       0       0       0
Total ram usage:       25 bytes
 Hardware stack levels used:    1
 Hardware stack levels required when called:    2
 This function calls:
		Nothing
 This function is called by:
		_main
 This function uses a non-reentrant model


 *************** function _ISR *****************
 Defined at:
		line 104 in file "main.c"
 Parameters:    Size  Location     Type
		None
 Auto vars:     Size  Location     Type
		None
 Return value:  Size  Location     Type
                  1    wreg      void 
 Registers used:
		wreg, fsr1l, fsr1h, fsr2l, fsr2h, status,2, status,0, prodl, prodh, cstack
 Tracked objects:
		On entry : 
		On exit  : 
		Unchanged: 
 Data sizes:     COMRAM   BANK0   BANK1   BANK2   BANK3   BANK4   BANK5
      Params:         0       0       0       0       0       0       0
      Locals:         0       0       0       0       0       0       0
      Temps:          6       0       0       0       0       0       0
      Totals:         6       0       0       0       0       0       0
Total ram usage:        6 bytes
 Hardware stack levels used:    1
 Hardware stack levels required when called:    1
 This function calls:
		_board
		_move
 This function is called by:
		Interrupt level 2
 This function uses a non-reentrant model


 *************** function _move *****************
 Defined at:
		line 145 in file "snake.c"
 Parameters:    Size  Location     Type
  direct          2    0[COMRAM] int 
 Auto vars:     Size  Location     Type
  j               2   12[COMRAM] int 
  i               2   10[COMRAM] int 
 Return value:  Size  Location     Type
                  1    wreg      void 
 Registers used:
		wreg, fsr2l, fsr2h, status,2, status,0, prodl, prodh
 Tracked objects:
		On entry : 
		On exit  : 
		Unchanged: 
 Data sizes:     COMRAM   BANK0   BANK1   BANK2   BANK3   BANK4   BANK5
      Params:         2       0       0       0       0       0       0
      Locals:         4       0       0       0       0       0       0
      Temps:          8       0       0       0       0       0       0
      Totals:        14       0       0       0       0       0       0
Total ram usage:       14 bytes
 Hardware stack levels used:    1
 This function calls:
		Nothing
 This function is called by:
		_ISR
 This function uses a non-reentrant model


 *************** function _board *****************
 Defined at:
		line 167 in file "ball.c"
 Parameters:    Size  Location     Type
  left_up         1    wreg     unsigned char 
  left_down       1    0[COMRAM] unsigned char 
  right_up        1    1[COMRAM] unsigned char 
  right_down      1    2[COMRAM] unsigned char 
 Auto vars:     Size  Location     Type
  left_up         1    5[COMRAM] unsigned char 
  i               2    8[COMRAM] int 
  k               2    6[COMRAM] int 
 Return value:  Size  Location     Type
                  1    wreg      void 
 Registers used:
		wreg, fsr1l, fsr1h, fsr2l, fsr2h, status,2, status,0
 Tracked objects:
		On entry : 
		On exit  : 
		Unchanged: 
 Data sizes:     COMRAM   BANK0   BANK1   BANK2   BANK3   BANK4   BANK5
      Params:         3       0       0       0       0       0       0
      Locals:         5       0       0       0       0       0       0
      Temps:          2       0       0       0       0       0       0
      Totals:        10       0       0       0       0       0       0
Total ram usage:       10 bytes
 Hardware stack levels used:    1
 This function calls:
		Nothing
 This function is called by:
		_ISR
 This function uses a non-reentrant model



MODULE INFORMATION

Module		Function		Class		Link	Load	Size
C:\Program Files (x86)\Microchip\xc8\v2.10\pic\sources\c99\common\rand.c
		_srand         		CODE           	2DF2	0000	47
		_rand          		CODE           	2686	0000	221

C:\Program Files (x86)\Microchip\xc8\v2.10\pic\sources\c99\common\rand.c estimated size: 268

ball.c
		_ball          		CODE           	2830	0000	203
		_move_ball     		CODE           	1B52	0000	533
		_board         		CODE           	0F9E	0000	881
		_initial       		CODE           	18D8	0000	635

ball.c estimated size: 2252

C:\Program Files (x86)\Microchip\xc8\v2.10\pic\sources\c99\common\xxtofl.c
		___xxtofl      		CODE           	1F48	0000	437

C:\Program Files (x86)\Microchip\xc8\v2.10\pic\sources\c99\common\xxtofl.c estimated size: 437

led-metrix.c
		_plot          		CODE           	0012	0000	1079
		_shiftOut1     		CODE           	2C90	0000	133
		_shiftOut2     		CODE           	2C0C	0000	133
		_shiftOut3     		CODE           	2B84	0000	137
		_shiftOut4     		CODE           	2AFC	0000	137
		_clear_matrix  		CODE           	2D14	0000	83
		_init_max7219  		CODE           	2762	0000	207
		_set_register1 		CODE           	2EA0	0000	31
		_set_register2 		CODE           	2E82	0000	31
		_set_register3 		CODE           	2E64	0000	31
		_set_register4 		CODE           	2E46	0000	31

led-metrix.c estimated size: 2033

C:\Program Files (x86)\Microchip\xc8\v2.10\pic\sources\c99\common\fltol.c
		___fltol       		CODE           	2480	0000	263

C:\Program Files (x86)\Microchip\xc8\v2.10\pic\sources\c99\common\fltol.c estimated size: 263

snake.c
		_updateMap     		CODE           	0448	0000	991
		_updateCar     		CODE           	1D66	0000	483
		_move          		CODE           	0826	0000	989
		_initMap       		CODE           	162A	0000	687
		_printWin      		CODE           	224C	0000	291
		_printError    		CODE           	236E	0000	275

snake.c estimated size: 3716

C:\Program Files (x86)\Microchip\xc8\v2.10\pic\sources\c99\common\sprcdiv.c
		___fldiv       		CODE           	0C02	0000	925

C:\Program Files (x86)\Microchip\xc8\v2.10\pic\sources\c99\common\sprcdiv.c estimated size: 925

C:\Program Files (x86)\Microchip\xc8\v2.10\pic\sources\c99\common\time.c
		_time          		CODE           	2D66	0000	77

C:\Program Files (x86)\Microchip\xc8\v2.10\pic\sources\c99\common\time.c estimated size: 77

shared
		__initialization		CODE           	28FA	0000	165

shared estimated size: 165

C:\Program Files (x86)\Microchip\xc8\v2.10\pic\sources\c99\common\Umul64.c
		___omul        		CODE           	2A5E	0000	159

C:\Program Files (x86)\Microchip\xc8\v2.10\pic\sources\c99\common\Umul64.c estimated size: 159

C:\Program Files (x86)\Microchip\xc8\v2.10\pic\sources\c99\common\Umul16.c
		___wmul        		CODE           	2E20	0000	39

C:\Program Files (x86)\Microchip\xc8\v2.10\pic\sources\c99\common\Umul16.c estimated size: 39

C:\Program Files (x86)\Microchip\xc8\v2.10\pic\sources\c99\common\awmod.c
		___awmod       		CODE           	29AC	0000	179

C:\Program Files (x86)\Microchip\xc8\v2.10\pic\sources\c99\common\awmod.c estimated size: 179

main.c
		_ISR           		CODE           	0008	0000	343
		_main          		CODE           	130E	0000	797

main.c estimated size: 1140

