Microchip MPLAB XC8 Compiler V2.10 ()

Linker command line:

-W-3 --edf=C:\Program Files (x86)\Microchip\xc8\v2.10\pic\dat\en_msgs.txt \
  -cs -h+dist/default/debug\project.X.debug.sym \
  --cmf=dist/default/debug\project.X.debug.cmf -z -Q18F4520 \
  -oC:\Users\JIAAN~1\AppData\Local\Temp\sge4.2 --defsym=__MPLAB_BUILD=1 \
  -Mdist/default/debug/project.X.debug.map -E1 -ver=XC8 --acfsm=1493 \
  -ASTACK=0424h-05F3h -pstack=STACK -ACODE=00h-07DBFh -ACONST=00h-07DBFh \
  -ASMALLCONST=0600h-06FFhx119,07D00h-07DBFh -AMEDIUMCONST=0600h-07DBFh \
  -ACOMRAM=01h-07Fh -AABS1=00h-05F3h -ABIGRAM=01h-05F3h \
  -ARAM=080h-0FFh,0100h-01FFhx4,0500h-05F3h -ABANK0=080h-0FFh \
  -ABANK1=0100h-01FFh -ABANK2=0200h-02FFh -ABANK3=0300h-03FFh \
  -ABANK4=0400h-04FFh -ABANK5=0500h-05F3h \
  -ASFR=0F80h-0F9Bh,0F9Dh-0FD3h,0FD5h-0FDAh,0FE0h-0FE2h,0FE8h-0FEAh,0FF0h-0FFCh \
  -preset_vec=00h,intcode=08h,intcodelo,powerup,init -pramtop=0600h \
  -psmallconst=SMALLCONST -pmediumconst=MEDIUMCONST -pconst=CONST \
  -AFARRAM=00h-00h -ACONFIG=0300000h-030000Dh -pconfig=CONFIG \
  -AIDLOC=0200000h-0200007h -pidloc=IDLOC -AEEDATA=0F00000h-0F000FFh \
  -peeprom_data=EEDATA \
  -prdata=COMRAM,nvrram=COMRAM,nvbit=COMRAM,rbss=COMRAM,rbit=COMRAM \
  -pfarbss=FARRAM,fardata=FARRAM,nvFARRAM=FARRAM \
  -pintsave_regs=BIGRAM,bigbss=BIGRAM,bigdata=BIGRAM -pbss=RAM \
  -pidata=CODE,irdata=CODE,ibigdata=CODE,ifardata=CODE -prparam=COMRAM \
  C:\Users\JIAAN~1\AppData\Local\Temp\sge4.o \
  dist/default/debug\project.X.debug.o 

Object code version is 3.11

Machine type is 18F4520

Call graph: (short form)




                Name                               Link     Load   Length Selector   Space Scale
C:\Users\JIAAN~1\AppData\Local\Temp\sge4.o
                init                                  E        E        4        4       0
                reset_vec                             0        0        4        0       0
                idloc                            200000   200000        8   200000       0
                config                           300000   300000        E   300000       0
dist/default/debug\project.X.debug.o
                intcode                               8        8        6        4       0
                temp                                 6B       6B        1        1       1
                text30                              F2C      F2C      370        4       0
                text29                              BA8      BA8      384        4       0
                intcode_body                       1E0A     1E0A      150        4       0
                text27                              80E      80E      39A        4       0
                text26                             206C     206C      108        4       0
                text25                             1C56     1C56      1B4        4       0
                text24                             1860     1860      214        4       0
                text23                             24FA     24FA       CA        4       0
                text22                             2676     2676       B2        4       0
                text21                             2AEA     2AEA       26        4       0
                text20                             2728     2728       9E        4       0
                text19                             2350     2350       DC        4       0
                text18                             2ABC     2ABC       2E        4       0
                text17                             2A30     2A30       4C        4       0
                text16                             15B6     15B6      2AA        4       0
                text15                             295A     295A       84        4       0
                text14                             2B6A     2B6A       1E        4       0
                text13                             28D6     28D6       84        4       0
                text12                             2B4C     2B4C       1E        4       0
                text11                             284E     284E       88        4       0
                text10                             2B2E     2B2E       1E        4       0
                text9                              27C6     27C6       88        4       0
                text8                              2B10     2B10       1E        4       0
                text7                              29DE     29DE       52        4       0
                text6                              242C     242C       CE        4       0
                text5                              2274     2274       DC        4       0
                text4                                12       12      436        4       0
                text3                              1F5A     1F5A      112        4       0
                text2                              1A74     1A74      1E2        4       0
                text1                               448      448      3C6        4       0
                text0                              129C     129C      31A        4       0
                cstackCOMRAM                          1        1       3B        1       1
                cstackBANK0                          E8       E8       14       80       1
                cstackBANK4                         400      400       24      400       1
                bssBANK3                            300      300      100      300       1
                bssBANK2                            200      200      100      200       1
                dataBANK1                           100      100      100      100       1
                dataBANK0                            80       80       40       80       1
                bssBANK0                             C0       C0       28       80       1
                dataCOMRAM                           60       60        B        1       1
                bssCOMRAM                            3C       3C       24        1       1
                cinit                              25C4     25C4       B2        4       0
                idataBANK1                         2174     2174      100        4       0
                idataBANK0                         2A7C     2A7C       40        4       0
                idataCOMRAM                        2B88     2B88        B        4       0

TOTAL           Name                               Link     Load   Length     Space
        CLASS   STACK          

        CLASS   CODE           
                intcode                               8        8        6         0
                init                                  E        E        4         0
                reset_vec                             0        0        4         0
                text30                              F2C      F2C      370         0
                text29                              BA8      BA8      384         0
                intcode_body                       1E0A     1E0A      150         0
                text27                              80E      80E      39A         0
                text26                             206C     206C      108         0
                text25                             1C56     1C56      1B4         0
                text24                             1860     1860      214         0
                text23                             24FA     24FA       CA         0
                text22                             2676     2676       B2         0
                text21                             2AEA     2AEA       26         0
                text20                             2728     2728       9E         0
                text19                             2350     2350       DC         0
                text18                             2ABC     2ABC       2E         0
                text17                             2A30     2A30       4C         0
                text16                             15B6     15B6      2AA         0
                text15                             295A     295A       84         0
                text14                             2B6A     2B6A       1E         0
                text13                             28D6     28D6       84         0
                text12                             2B4C     2B4C       1E         0
                text11                             284E     284E       88         0
                text10                             2B2E     2B2E       1E         0
                text9                              27C6     27C6       88         0
                text8                              2B10     2B10       1E         0
                text7                              29DE     29DE       52         0
                text6                              242C     242C       CE         0
                text5                              2274     2274       DC         0
                text4                                12       12      436         0
                text3                              1F5A     1F5A      112         0
                text2                              1A74     1A74      1E2         0
                text1                               448      448      3C6         0
                text0                              129C     129C      31A         0
                cinit                              25C4     25C4       B2         0
                idataBANK1                         2174     2174      100         0
                idataBANK0                         2A7C     2A7C       40         0
                idataCOMRAM                        2B88     2B88        B         0

        CLASS   CONST          

        CLASS   SMALLCONST     

        CLASS   MEDIUMCONST    

        CLASS   COMRAM         
                temp                                 6B       6B        1         1
                cstackCOMRAM                          1        1       3B         1
                dataCOMRAM                           60       60        B         1
                bssCOMRAM                            3C       3C       24         1

        CLASS   ABS1           

        CLASS   BIGRAM         

        CLASS   RAM            

        CLASS   BANK0          
                cstackBANK0                          E8       E8       14         1
                dataBANK0                            80       80       40         1
                bssBANK0                             C0       C0       28         1

        CLASS   BANK1          
                dataBANK1                           100      100      100         1

        CLASS   BANK2          
                bssBANK2                            200      200      100         1

        CLASS   BANK3          
                bssBANK3                            300      300      100         1

        CLASS   BANK4          
                cstackBANK4                         400      400       24         1

        CLASS   BANK5          

        CLASS   SFR            

        CLASS   FARRAM         

        CLASS   CONFIG         
                config                           300000   300000        E         0

        CLASS   IDLOC          
                idloc                            200000   200000        8         0

        CLASS   EEDATA         



SEGMENTS        Name                           Load    Length   Top    Selector   Space  Class

                reset_vec                      000000  000004  000004         0       0  CODE    
                cstackCOMRAM                   000001  00006B  00006C         1       1  COMRAM  
                intcode                        000008  002B8B  002B93         4       0  CODE    
                dataBANK0                      000080  00007C  0000FC        80       1  BANK0   
                dataBANK1                      000100  000100  000200       100       1  BANK1   
                bssBANK2                       000200  000100  000300       200       1  BANK2   
                bssBANK3                       000300  000100  000400       300       1  BANK3   
                cstackBANK4                    000400  000024  000424       400       1  BANK4   
                idloc                          200000  000008  200008    200000       0  IDLOC   
                config                         300000  00000E  30000E    300000       0  CONFIG  


UNUSED ADDRESS RANGES

        Name                Unused          Largest block    Delta
        BANK0            0000FC-0000FF                4
        BANK4            000424-0004FF               DC
        BANK5            000500-0005F3               F4
        BIGRAM           00006C-00007F               14
                         0000FC-0000FF                4
                         000424-0005F3              1D0
        CODE             000004-000007                4
                         002B93-007DBF             522D
        COMRAM           00006C-00007F               14
        CONST            000004-000007                4
                         002B93-007DBF             522D
        EEDATA           F00000-F000FF              100
        MEDIUMCONST      002B93-007DBF             522D
        RAM              0000FC-0000FF                4
                         000424-0005F3               DC
        SFR              000F80-000F9B               1C
                         000F9D-000FD3               37
                         000FD5-000FDA                6
                         000FE0-000FE2                3
                         000FE8-000FEA                3
                         000FF0-000FFC                D
        SMALLCONST       002B93-007DBF              100
        STACK            000424-0005F3              1D0

                                  Symbol Table

?___awmod                cstackCOMRAM 000037
?___fldiv                cstackCOMRAM 000023
?___fltol                cstackBANK0  0000E8
?___omul                 cstackCOMRAM 000015
?___wmul                 cstackCOMRAM 000015
?___xxtofl               cstackCOMRAM 000015
?_rand                   cstackCOMRAM 00002D
?_time                   cstackCOMRAM 000015
_ADCON0                  (abs)        000FC2
_ADCON0bits              (abs)        000FC2
_ADCON1                  (abs)        000FC1
_ADCON2                  (abs)        000FC0
_ADRES                   (abs)        000FC3
_INTCONbits              (abs)        000FF2
_ISR                     intcode      000008
_LATA                    (abs)        000F89
_LATBbits                (abs)        000F8A
_LATCbits                (abs)        000F8B
_LATDbits                (abs)        000F8C
_LED                     bssBANK3     000300
_PORTA                   (abs)        000F80
_PORTD                   (abs)        000F83
_PORTDbits               (abs)        000F83
_RCONbits                (abs)        000FD0
_T0CON                   (abs)        000FD5
_TMR0IE                  (abs)        007F95
_TMR0IF                  (abs)        007F92
_TMR0L                   (abs)        000FD6
_TRISAbits               (abs)        000F92
_TRISB                   (abs)        000F93
_TRISC                   (abs)        000F94
_TRISD                   (abs)        000F95
__CFG_BOREN$SBORDIS      (abs)        000000
__CFG_BORV$3             (abs)        000000
__CFG_CCP2MX$PORTC       (abs)        000000
__CFG_CP0$OFF            (abs)        000000
__CFG_CP1$OFF            (abs)        000000
__CFG_CP2$OFF            (abs)        000000
__CFG_CP3$OFF            (abs)        000000
__CFG_CPB$OFF            (abs)        000000
__CFG_CPD$OFF            (abs)        000000
__CFG_EBTR0$OFF          (abs)        000000
__CFG_EBTR1$OFF          (abs)        000000
__CFG_EBTR2$OFF          (abs)        000000
__CFG_EBTR3$OFF          (abs)        000000
__CFG_EBTRB$OFF          (abs)        000000
__CFG_FCMEN$OFF          (abs)        000000
__CFG_IESO$OFF           (abs)        000000
__CFG_LPT1OSC$OFF        (abs)        000000
__CFG_LVP$OFF            (abs)        000000
__CFG_MCLRE$ON           (abs)        000000
__CFG_OSC$INTIO67        (abs)        000000
__CFG_PBADEN$OFF         (abs)        000000
__CFG_PWRT$OFF           (abs)        000000
__CFG_STVREN$ON          (abs)        000000
__CFG_WDT$OFF            (abs)        000000
__CFG_WDTPS$32768        (abs)        000000
__CFG_WRT0$OFF           (abs)        000000
__CFG_WRT1$OFF           (abs)        000000
__CFG_WRT2$OFF           (abs)        000000
__CFG_WRT3$OFF           (abs)        000000
__CFG_WRTB$OFF           (abs)        000000
__CFG_WRTC$OFF           (abs)        000000
__CFG_WRTD$OFF           (abs)        000000
__CFG_XINST$OFF          (abs)        000000
__HRAM                   (abs)        000000
__Habs1                  abs1         000000
__Hbank0                 bank0        000000
__Hbank1                 bank1        000000
__Hbank2                 bank2        000000
__Hbank3                 bank3        000000
__Hbank4                 bank4        000000
__Hbank5                 bank5        000000
__Hbigbss                bigbss       000000
__Hbigdata               bigdata      000000
__Hbigram                bigram       000000
__Hbss                   bss          000000
__HbssBANK0              bssBANK0     000000
__HbssBANK2              bssBANK2     000000
__HbssBANK3              bssBANK3     000000
__HbssCOMRAM             bssCOMRAM    000000
__Hcinit                 cinit        000000
__Hclrtext               clrtext      000000
__Hcomram                comram       000000
__Hconfig                config       30000E
__Hconst                 const        000000
__HcstackBANK0           cstackBANK0  000000
__HcstackBANK4           cstackBANK4  000000
__HcstackCOMRAM          cstackCOMRAM 000000
__Hdata                  data         000000
__HdataBANK0             dataBANK0    000000
__HdataBANK1             dataBANK1    000000
__HdataCOMRAM            dataCOMRAM   000000
__Heeprom_data           eeprom_data  000000
__Hfarbss                farbss       000000
__Hfardata               fardata      000000
__Hibigdata              ibigdata     000000
__Hidata                 idata        000000
__HidataBANK0            idataBANK0   000000
__HidataBANK1            idataBANK1   000000
__HidataCOMRAM           idataCOMRAM  000000
__Hidloc                 idloc        200008
__Hifardata              ifardata     000000
__Hinit                  init         000012
__Hintcode               intcode      00000E
__Hintcode_body          intcode_body 000000
__Hintcodelo             intcodelo    00000E
__Hintentry              intentry     000000
__Hintret                intret       000000
__Hintsave_regs          intsave_regs 000000
__Hirdata                irdata       000000
__Hmediumconst           mediumconst  000000
__HnvFARRAM              nvFARRAM     000000
__Hnvbit                 nvbit        000000
__Hnvrram                nvrram       000000
__Hparam                 rparam       000000
__Hpowerup               powerup      00000E
__Hram                   ram          000000
__Hramtop                ramtop       000600
__Hrbit                  rbit         000000
__Hrbss                  rbss         000000
__Hrdata                 rdata        000000
__Hreset_vec             reset_vec    000004
__Hrparam                rparam       000000
__Hsfr                   sfr          000000
__Hsmallconst            smallconst   000000
__Hspace_0               (abs)        30000E
__Hspace_1               (abs)        000424
__Hspace_2               (abs)        000000
__Hstack                 stack        000000
__Hstruct                struct       000000
__Htemp                  temp         00006C
__Htext                  text         000000
__Htext0                 text0        000000
__Htext1                 text1        000000
__Htext10                text10       000000
__Htext11                text11       000000
__Htext12                text12       000000
__Htext13                text13       000000
__Htext14                text14       000000
__Htext15                text15       000000
__Htext16                text16       000000
__Htext17                text17       000000
__Htext18                text18       000000
__Htext19                text19       000000
__Htext2                 text2        000000
__Htext20                text20       000000
__Htext21                text21       000000
__Htext22                text22       000000
__Htext23                text23       000000
__Htext24                text24       000000
__Htext25                text25       000000
__Htext26                text26       000000
__Htext27                text27       000000
__Htext29                text29       000000
__Htext3                 text3        000000
__Htext30                text30       000000
__Htext4                 text4        000000
__Htext5                 text5        000000
__Htext6                 text6        000000
__Htext7                 text7        000000
__Htext8                 text8        000000
__Htext9                 text9        000000
__LRAM                   (abs)        000001
__Labs1                  abs1         000000
__Lbank0                 bank0        000000
__Lbank1                 bank1        000000
__Lbank2                 bank2        000000
__Lbank3                 bank3        000000
__Lbank4                 bank4        000000
__Lbank5                 bank5        000000
__Lbigbss                bigbss       000000
__Lbigdata               bigdata      000000
__Lbigram                bigram       000000
__Lbss                   bss          000000
__LbssBANK0              bssBANK0     000000
__LbssBANK2              bssBANK2     000000
__LbssBANK3              bssBANK3     000000
__LbssCOMRAM             bssCOMRAM    000000
__Lcinit                 cinit        000000
__Lclrtext               clrtext      000000
__Lcomram                comram       000000
__Lconfig                config       300000
__Lconst                 const        000000
__LcstackBANK0           cstackBANK0  000000
__LcstackBANK4           cstackBANK4  000000
__LcstackCOMRAM          cstackCOMRAM 000000
__Ldata                  data         000000
__LdataBANK0             dataBANK0    000000
__LdataBANK1             dataBANK1    000000
__LdataCOMRAM            dataCOMRAM   000000
__Leeprom_data           eeprom_data  000000
__Lfarbss                farbss       000000
__Lfardata               fardata      000000
__Libigdata              ibigdata     000000
__Lidata                 idata        000000
__LidataBANK0            idataBANK0   000000
__LidataBANK1            idataBANK1   000000
__LidataCOMRAM           idataCOMRAM  000000
__Lidloc                 idloc        200000
__Lifardata              ifardata     000000
__Linit                  init         00000E
__Lintcode               intcode      000008
__Lintcode_body          intcode_body 000000
__Lintcodelo             intcodelo    00000E
__Lintentry              intentry     000000
__Lintret                intret       000000
__Lintsave_regs          intsave_regs 000000
__Lirdata                irdata       000000
__Lmediumconst           mediumconst  000000
__LnvFARRAM              nvFARRAM     000000
__Lnvbit                 nvbit        000000
__Lnvrram                nvrram       000000
__Lparam                 rparam       000000
__Lpowerup               powerup      00000E
__Lram                   ram          000000
__Lramtop                ramtop       000600
__Lrbit                  rbit         000000
__Lrbss                  rbss         000000
__Lrdata                 rdata        000000
__Lreset_vec             reset_vec    000000
__Lrparam                rparam       000000
__Lsfr                   sfr          000000
__Lsmallconst            smallconst   000000
__Lspace_0               (abs)        000000
__Lspace_1               (abs)        000000
__Lspace_2               (abs)        000000
__Lstack                 stack        000000
__Lstruct                struct       000000
__Ltemp                  temp         00006B
__Ltext                  text         000000
__Ltext0                 text0        000000
__Ltext1                 text1        000000
__Ltext10                text10       000000
__Ltext11                text11       000000
__Ltext12                text12       000000
__Ltext13                text13       000000
__Ltext14                text14       000000
__Ltext15                text15       000000
__Ltext16                text16       000000
__Ltext17                text17       000000
__Ltext18                text18       000000
__Ltext19                text19       000000
__Ltext2                 text2        000000
__Ltext20                text20       000000
__Ltext21                text21       000000
__Ltext22                text22       000000
__Ltext23                text23       000000
__Ltext24                text24       000000
__Ltext25                text25       000000
__Ltext26                text26       000000
__Ltext27                text27       000000
__Ltext29                text29       000000
__Ltext3                 text3        000000
__Ltext30                text30       000000
__Ltext4                 text4        000000
__Ltext5                 text5        000000
__Ltext6                 text6        000000
__Ltext7                 text7        000000
__Ltext8                 text8        000000
__Ltext9                 text9        000000
__S0                     (abs)        30000E
__S1                     (abs)        000424
__S2                     (abs)        000000
___awmod                 text22       002676
___awmod@counter         cstackBANK0  0000E8
___awmod@dividend        cstackCOMRAM 000037
___awmod@divisor         cstackCOMRAM 000039
___awmod@sign            cstackBANK0  0000E9
___fldiv                 text27       00080E
___fldiv@a               cstackCOMRAM 000027
___fldiv@aexp            cstackCOMRAM 00003B
___fldiv@b               cstackCOMRAM 000023
___fldiv@bexp            cstackCOMRAM 00003A
___fldiv@grs             cstackCOMRAM 000036
___fldiv@new_exp         cstackCOMRAM 000034
___fldiv@rem             cstackCOMRAM 00002F
___fldiv@sign            cstackCOMRAM 000033
___fltol                 text26       00206C
___fltol@exp1            cstackBANK0  0000F1
___fltol@f1              cstackBANK0  0000E8
___fltol@sign1           cstackBANK0  0000F0
___inthi_sp              stack        000000
___intlo_sp              stack        000000
___omul                  text20       002728
___omul@multiplicand     cstackCOMRAM 00001D
___omul@multiplier       cstackCOMRAM 000015
___omul@product          cstackCOMRAM 000025
___param_bank            (abs)        000000
___rparam_used           (abs)        000001
___sp                    stack        000000
___wmul                  text21       002AEA
___wmul@multiplicand     cstackCOMRAM 000017
___wmul@multiplier       cstackCOMRAM 000015
___wmul@product          cstackCOMRAM 000019
___xxtofl                text25       001C56
___xxtofl@arg            cstackCOMRAM 00001F
___xxtofl@exp            cstackCOMRAM 00001E
___xxtofl@sign           cstackCOMRAM 00001D
___xxtofl@val            cstackCOMRAM 000015
__accesstop              (abs)        000080
__activetblptr           (abs)        000002
__end_of_ISR             intcode_body 001F5A
__end_of___awmod         text22       002728
__end_of___fldiv         text27       000BA8
__end_of___fltol         text26       002174
__end_of___omul          text20       0027C6
__end_of___wmul          text21       002B10
__end_of___xxtofl        text25       001E0A
__end_of__initialization cinit        002668
__end_of_ball            text23       0025C4
__end_of_board           text30       00129C
__end_of_clear_matrix    text7        002A30
__end_of_initMap         text16       001860
__end_of_init_max7219    text6        0024FA
__end_of_initial         text5        002350
__end_of_main            text0        0015B6
__end_of_move            text29       000F2C
__end_of_move_ball       text24       001A74
__end_of_plot            text4        000448
__end_of_printError      text3        00206C
__end_of_rand            text19       00242C
__end_of_set_register1   text14       002B88
__end_of_set_register2   text12       002B6A
__end_of_set_register3   text10       002B4C
__end_of_set_register4   text8        002B2E
__end_of_shiftOut1       text15       0029DE
__end_of_shiftOut2       text13       00295A
__end_of_shiftOut3       text11       0028D6
__end_of_shiftOut4       text9        00284E
__end_of_srand           text18       002AEA
__end_of_time            text17       002A7C
__end_of_updateCar       text2        001C56
__end_of_updateMap       text1        00080E
__initialization         cinit        0025C4
__mediumconst            mediumconst  000000
__pbssBANK0              bssBANK0     0000C0
__pbssBANK2              bssBANK2     000200
__pbssBANK3              bssBANK3     000300
__pbssCOMRAM             bssCOMRAM    00003C
__pcinit                 cinit        0025C4
__pcstackBANK0           cstackBANK0  0000E8
__pcstackBANK4           cstackBANK4  000400
__pcstackCOMRAM          cstackCOMRAM 000001
__pdataBANK0             dataBANK0    000080
__pdataBANK1             dataBANK1    000100
__pdataCOMRAM            dataCOMRAM   000060
__pidataBANK0            idataBANK0   002A7C
__pidataBANK1            idataBANK1   002174
__pidataCOMRAM           idataCOMRAM  002B88
__pintcode               intcode      000008
__pintcode_body          intcode_body 001E0A
__ptext0                 text0        00129C
__ptext1                 text1        000448
__ptext10                text10       002B2E
__ptext11                text11       00284E
__ptext12                text12       002B4C
__ptext13                text13       0028D6
__ptext14                text14       002B6A
__ptext15                text15       00295A
__ptext16                text16       0015B6
__ptext17                text17       002A30
__ptext18                text18       002ABC
__ptext19                text19       002350
__ptext2                 text2        001A74
__ptext20                text20       002728
__ptext21                text21       002AEA
__ptext22                text22       002676
__ptext23                text23       0024FA
__ptext24                text24       001860
__ptext25                text25       001C56
__ptext26                text26       00206C
__ptext27                text27       00080E
__ptext29                text29       000BA8
__ptext3                 text3        001F5A
__ptext30                text30       000F2C
__ptext4                 text4        000012
__ptext5                 text5        002274
__ptext6                 text6        00242C
__ptext7                 text7        0029DE
__ptext8                 text8        002B10
__ptext9                 text9        0027C6
__ramtop                 ramtop       000600
__size_of_ISR            (abs)        000000
__size_of___awmod        (abs)        000000
__size_of___fldiv        (abs)        000000
__size_of___fltol        (abs)        000000
__size_of___omul         (abs)        000000
__size_of___wmul         (abs)        000000
__size_of___xxtofl       (abs)        000000
__size_of_ball           (abs)        000000
__size_of_board          (abs)        000000
__size_of_clear_matrix   (abs)        000000
__size_of_initMap        (abs)        000000
__size_of_init_max7219   (abs)        000000
__size_of_initial        (abs)        000000
__size_of_main           (abs)        000000
__size_of_move           (abs)        000000
__size_of_move_ball      (abs)        000000
__size_of_plot           (abs)        000000
__size_of_printError     (abs)        000000
__size_of_rand           (abs)        000000
__size_of_set_register1  (abs)        000000
__size_of_set_register2  (abs)        000000
__size_of_set_register3  (abs)        000000
__size_of_set_register4  (abs)        000000
__size_of_shiftOut1      (abs)        000000
__size_of_shiftOut2      (abs)        000000
__size_of_shiftOut3      (abs)        000000
__size_of_shiftOut4      (abs)        000000
__size_of_srand          (abs)        000000
__size_of_time           (abs)        000000
__size_of_updateCar      (abs)        000000
__size_of_updateMap      (abs)        000000
__smallconst             smallconst   000000
_a                       bssCOMRAM    000053
_b                       bssCOMRAM    000052
_ball                    text23       0024FA
_ball_last_x             dataCOMRAM   000064
_ball_last_y             dataCOMRAM   000062
_ball_x                  dataCOMRAM   000068
_ball_y                  dataCOMRAM   000066
_board                   text30       000F2C
_c                       bssCOMRAM    000051
_car                     bssBANK0     0000C0
_clear_matrix            text7        0029DE
_d                       bssCOMRAM    000050
_end                     bssCOMRAM    000055
_endBall                 bssCOMRAM    00004C
_endSnake                bssCOMRAM    00004E
_error                   bssCOMRAM    000056
_initMap                 text16       0015B6
_init_max7219            text6        00242C
_initial                 text5        002274
_input                   dataCOMRAM   00006A
_left_board              dataBANK0    0000A0
_main                    text0        00129C
_map                     bssBANK2     000200
_mode                    bssCOMRAM    00005F
_move                    text29       000BA8
_move_ball               text24       001860
_outputMap1              dataBANK1    000100
_player                  dataCOMRAM   000060
_plot                    text4        000012
_printError              text3        001F5A
_rand                    text19       002350
_right_board             dataBANK0    000080
_seed                    bssCOMRAM    000057
_select                  bssCOMRAM    000054
_set_register1           text14       002B6A
_set_register2           text12       002B4C
_set_register3           text10       002B2E
_set_register4           text8        002B10
_shiftOut1               text15       00295A
_shiftOut2               text13       0028D6
_shiftOut3               text11       00284E
_shiftOut4               text9        0027C6
_srand                   text18       002ABC
_time                    text17       002A30
_updateCar               text2        001A74
_updateMap               text1        000448
ball@i                   cstackCOMRAM 000021
ball@j                   cstackCOMRAM 000023
board@i                  cstackCOMRAM 000009
board@k                  cstackCOMRAM 000007
board@left_down          cstackCOMRAM 000001
board@left_up            cstackCOMRAM 000006
board@right_down         cstackCOMRAM 000003
board@right_up           cstackCOMRAM 000002
btemp                    temp         00006B
clear_matrix@i           cstackCOMRAM 00001B
end_of_initialization    cinit        002668
initMap@i                cstackBANK0  0000F4
initMap@j                cstackBANK0  0000F6
initMap@num              cstackBANK0  0000F2
initial@k                cstackCOMRAM 000019
int$flags                temp         00006B
int_func                 intcode_body 001E0A
intlevel0                text         000000
intlevel1                text         000000
intlevel2                text         000000
intlevel3                text         000000
main@speed               cstackBANK0  0000FA
move@direct              cstackCOMRAM 000001
move@i                   cstackCOMRAM 00000B
move@j                   cstackCOMRAM 00000D
move_ball@rebound        cstackCOMRAM 00001B
move_ball@x_direct       cstackCOMRAM 000017
move_ball@y_direct       cstackCOMRAM 000019
plot@char_pattern1       cstackBANK4  000400
plot@char_pattern2       cstackBANK4  000408
plot@char_pattern3       cstackBANK4  000410
plot@char_pattern4       cstackBANK4  000418
plot@i                   cstackBANK4  000422
plot@j                   cstackBANK4  000420
plot@pattern             cstackCOMRAM 00001B
printError@i             cstackCOMRAM 000019
printError@j             cstackCOMRAM 00001B
set_register1@address    cstackCOMRAM 00001A
set_register1@value      cstackCOMRAM 000019
set_register2@address    cstackCOMRAM 00001A
set_register2@value      cstackCOMRAM 000019
set_register3@address    cstackCOMRAM 00001A
set_register3@value      cstackCOMRAM 000019
set_register4@address    cstackCOMRAM 00001A
set_register4@value      cstackCOMRAM 000019
shiftOut1@bitOrder       cstackCOMRAM 000017
shiftOut1@i              cstackCOMRAM 000018
shiftOut1@val            cstackCOMRAM 000015
shiftOut2@bitOrder       cstackCOMRAM 000017
shiftOut2@i              cstackCOMRAM 000018
shiftOut2@val            cstackCOMRAM 000015
shiftOut3@bitOrder       cstackCOMRAM 000017
shiftOut3@i              cstackCOMRAM 000018
shiftOut3@val            cstackCOMRAM 000015
shiftOut4@bitOrder       cstackCOMRAM 000017
shiftOut4@i              cstackCOMRAM 000018
shiftOut4@val            cstackCOMRAM 000015
srand@s                  cstackCOMRAM 00001D
stackhi                  (abs)        0005F3
stacklo                  (abs)        000424
start                    init         00000E
start_initialization     cinit        0025C4
time@t                   cstackCOMRAM 000015
ttemp5                   temp         00006C
ttemp6                   temp         00006F
ttemp7                   temp         000073
updateCar@j              cstackCOMRAM 00001B
updateCar@num            cstackCOMRAM 000019
updateMap@i              cstackCOMRAM 000025
updateMap@j              cstackCOMRAM 000027
wtemp8                   temp         00006C


FUNCTION INFORMATION:

 *************** function _main *****************
 Defined at:
		line 151 in file "main.c"
 Parameters:    Size  Location     Type
		None
 Auto vars:     Size  Location     Type
  speed           2   18[BANK0 ] int 
 Return value:  Size  Location     Type
                  1    wreg      void 
 Registers used:
		wreg, fsr1l, fsr1h, fsr2l, fsr2h, status,2, status,0, prodl, prodh, cstack
 Tracked objects:
		On entry : 
		On exit  : 
		Unchanged: 
 Data sizes:     COMRAM   BANK0   BANK1   BANK2   BANK3   BANK4   BANK5
      Params:         0       0       0       0       0       0       0
      Locals:         0       2       0       0       0       0       0
      Temps:          0       2       0       0       0       0       0
      Totals:         0       4       0       0       0       0       0
Total ram usage:        4 bytes
 Hardware stack levels required when called:    6
 This function calls:
		___fldiv
		___fltol
		___xxtofl
		_ball
		_initMap
		_init_max7219
		_initial
		_plot
		_updateMap
 This function is called by:
		Startup code after reset
 This function uses a non-reentrant model


 *************** function _updateMap *****************
 Defined at:
		line 65 in file "snake.c"
 Parameters:    Size  Location     Type
		None
 Auto vars:     Size  Location     Type
  j               2   38[COMRAM] int 
  i               2   36[COMRAM] int 
 Return value:  Size  Location     Type
                  1    wreg      void 
 Registers used:
		wreg, fsr2l, fsr2h, status,2, status,0, prodl, prodh, cstack
 Tracked objects:
		On entry : 
		On exit  : 
		Unchanged: 
 Data sizes:     COMRAM   BANK0   BANK1   BANK2   BANK3   BANK4   BANK5
      Params:         0       0       0       0       0       0       0
      Locals:         4       0       0       0       0       0       0
      Temps:          8       0       0       0       0       0       0
      Totals:        12       0       0       0       0       0       0
Total ram usage:       12 bytes
 Hardware stack levels used:    1
 Hardware stack levels required when called:    3
 This function calls:
		_printError
		_updateCar
 This function is called by:
		_main
 This function uses a non-reentrant model


 *************** function _updateCar *****************
 Defined at:
		line 44 in file "snake.c"
 Parameters:    Size  Location     Type
		None
 Auto vars:     Size  Location     Type
  num             2   24[COMRAM] int 
  j               2   26[COMRAM] int 
  i               2    0        int 
 Return value:  Size  Location     Type
                  1    wreg      void 
 Registers used:
		wreg, fsr2l, fsr2h, status,2, status,0
 Tracked objects:
		On entry : 
		On exit  : 
		Unchanged: 
 Data sizes:     COMRAM   BANK0   BANK1   BANK2   BANK3   BANK4   BANK5
      Params:         0       0       0       0       0       0       0
      Locals:         4       0       0       0       0       0       0
      Temps:          4       0       0       0       0       0       0
      Totals:         8       0       0       0       0       0       0
Total ram usage:        8 bytes
 Hardware stack levels used:    1
 Hardware stack levels required when called:    2
 This function calls:
		Nothing
 This function is called by:
		_updateMap
 This function uses a non-reentrant model


 *************** function _printError *****************
 Defined at:
		line 30 in file "snake.c"
 Parameters:    Size  Location     Type
		None
 Auto vars:     Size  Location     Type
  j               2   26[COMRAM] int 
  i               2   24[COMRAM] int 
 Return value:  Size  Location     Type
                  1    wreg      void 
 Registers used:
		wreg, fsr2l, fsr2h, status,2, status,0
 Tracked objects:
		On entry : 
		On exit  : 
		Unchanged: 
 Data sizes:     COMRAM   BANK0   BANK1   BANK2   BANK3   BANK4   BANK5
      Params:         0       0       0       0       0       0       0
      Locals:         4       0       0       0       0       0       0
      Temps:          4       0       0       0       0       0       0
      Totals:         8       0       0       0       0       0       0
Total ram usage:        8 bytes
 Hardware stack levels used:    1
 Hardware stack levels required when called:    2
 This function calls:
		Nothing
 This function is called by:
		_updateMap
 This function uses a non-reentrant model


 *************** function _plot *****************
 Defined at:
		line 182 in file "led-metrix.c"
 Parameters:    Size  Location     Type
  pattern         2   26[COMRAM] PTR unsigned char [16]
		 -> LED(256), map(256), outputMap1(256), 
 Auto vars:     Size  Location     Type
  char_pattern    8   24[BANK4 ] unsigned char [8]
  char_pattern    8   16[BANK4 ] unsigned char [8]
  char_pattern    8    8[BANK4 ] unsigned char [8]
  char_pattern    8    0[BANK4 ] unsigned char [8]
  i               2   34[BANK4 ] int 
  j               2   32[BANK4 ] int 
 Return value:  Size  Location     Type
                  1    wreg      void 
 Registers used:
		wreg, fsr2l, fsr2h, status,2, status,0, cstack
 Tracked objects:
		On entry : 
		On exit  : 
		Unchanged: 
 Data sizes:     COMRAM   BANK0   BANK1   BANK2   BANK3   BANK4   BANK5
      Params:         2       0       0       0       0       0       0
      Locals:         0       0       0       0       0      36       0
      Temps:          5       0       0       0       0       0       0
      Totals:         7       0       0       0       0      36       0
Total ram usage:       43 bytes
 Hardware stack levels used:    1
 Hardware stack levels required when called:    4
 This function calls:
		_set_register1
		_set_register2
		_set_register3
		_set_register4
 This function is called by:
		_main
 This function uses a non-reentrant model


 *************** function _initial *****************
 Defined at:
		line 79 in file "ball.c"
 Parameters:    Size  Location     Type
		None
 Auto vars:     Size  Location     Type
  k               2   24[COMRAM] int 
 Return value:  Size  Location     Type
                  1    wreg      void 
 Registers used:
		wreg, fsr1l, fsr1h, fsr2l, fsr2h, status,2, status,0
 Tracked objects:
		On entry : 
		On exit  : 
		Unchanged: 
 Data sizes:     COMRAM   BANK0   BANK1   BANK2   BANK3   BANK4   BANK5
      Params:         0       0       0       0       0       0       0
      Locals:         2       0       0       0       0       0       0
      Temps:          4       0       0       0       0       0       0
      Totals:         6       0       0       0       0       0       0
Total ram usage:        6 bytes
 Hardware stack levels used:    1
 Hardware stack levels required when called:    2
 This function calls:
		Nothing
 This function is called by:
		_main
 This function uses a non-reentrant model


 *************** function _init_max7219 *****************
 Defined at:
		line 134 in file "led-metrix.c"
 Parameters:    Size  Location     Type
		None
 Auto vars:     Size  Location     Type
		None
 Return value:  Size  Location     Type
                  1    wreg      void 
 Registers used:
		wreg, status,2, status,0, cstack
 Tracked objects:
		On entry : 
		On exit  : 
		Unchanged: 
 Data sizes:     COMRAM   BANK0   BANK1   BANK2   BANK3   BANK4   BANK5
      Params:         0       0       0       0       0       0       0
      Locals:         0       0       0       0       0       0       0
      Temps:          0       0       0       0       0       0       0
      Totals:         0       0       0       0       0       0       0
Total ram usage:        0 bytes
 Hardware stack levels used:    1
 Hardware stack levels required when called:    5
 This function calls:
		_clear_matrix
		_set_register1
		_set_register2
		_set_register3
		_set_register4
 This function is called by:
		_main
 This function uses a non-reentrant model


 *************** function _clear_matrix *****************
 Defined at:
		line 122 in file "led-metrix.c"
 Parameters:    Size  Location     Type
		None
 Auto vars:     Size  Location     Type
  i               2   26[COMRAM] int 
 Return value:  Size  Location     Type
                  1    wreg      void 
 Registers used:
		wreg, status,2, status,0, cstack
 Tracked objects:
		On entry : 
		On exit  : 
		Unchanged: 
 Data sizes:     COMRAM   BANK0   BANK1   BANK2   BANK3   BANK4   BANK5
      Params:         0       0       0       0       0       0       0
      Locals:         2       0       0       0       0       0       0
      Temps:          0       0       0       0       0       0       0
      Totals:         2       0       0       0       0       0       0
Total ram usage:        2 bytes
 Hardware stack levels used:    1
 Hardware stack levels required when called:    4
 This function calls:
		_set_register1
		_set_register2
		_set_register3
		_set_register4
 This function is called by:
		_init_max7219
 This function uses a non-reentrant model


 *************** function _set_register4 *****************
 Defined at:
		line 114 in file "led-metrix.c"
 Parameters:    Size  Location     Type
  address         1    wreg     unsigned char 
  value           1   24[COMRAM] unsigned char 
 Auto vars:     Size  Location     Type
  address         1   25[COMRAM] unsigned char 
 Return value:  Size  Location     Type
                  1    wreg      void 
 Registers used:
		wreg, status,2, status,0, cstack
 Tracked objects:
		On entry : 
		On exit  : 
		Unchanged: 
 Data sizes:     COMRAM   BANK0   BANK1   BANK2   BANK3   BANK4   BANK5
      Params:         1       0       0       0       0       0       0
      Locals:         1       0       0       0       0       0       0
      Temps:          0       0       0       0       0       0       0
      Totals:         2       0       0       0       0       0       0
Total ram usage:        2 bytes
 Hardware stack levels used:    1
 Hardware stack levels required when called:    3
 This function calls:
		_shiftOut4
 This function is called by:
		_clear_matrix
		_init_max7219
		_plot
 This function uses a non-reentrant model


 *************** function _shiftOut4 *****************
 Defined at:
		line 66 in file "led-metrix.c"
 Parameters:    Size  Location     Type
  bitOrder        1    wreg     unsigned char 
  val             1   20[COMRAM] unsigned char 
 Auto vars:     Size  Location     Type
  bitOrder        1   22[COMRAM] unsigned char 
  i               1   23[COMRAM] unsigned char 
 Return value:  Size  Location     Type
                  1    wreg      void 
 Registers used:
		wreg, status,2, status,0
 Tracked objects:
		On entry : 
		On exit  : 
		Unchanged: 
 Data sizes:     COMRAM   BANK0   BANK1   BANK2   BANK3   BANK4   BANK5
      Params:         1       0       0       0       0       0       0
      Locals:         2       0       0       0       0       0       0
      Temps:          1       0       0       0       0       0       0
      Totals:         4       0       0       0       0       0       0
Total ram usage:        4 bytes
 Hardware stack levels used:    1
 Hardware stack levels required when called:    2
 This function calls:
		Nothing
 This function is called by:
		_set_register4
 This function uses a non-reentrant model


 *************** function _set_register3 *****************
 Defined at:
		line 106 in file "led-metrix.c"
 Parameters:    Size  Location     Type
  address         1    wreg     unsigned char 
  value           1   24[COMRAM] unsigned char 
 Auto vars:     Size  Location     Type
  address         1   25[COMRAM] unsigned char 
 Return value:  Size  Location     Type
                  1    wreg      void 
 Registers used:
		wreg, status,2, status,0, cstack
 Tracked objects:
		On entry : 
		On exit  : 
		Unchanged: 
 Data sizes:     COMRAM   BANK0   BANK1   BANK2   BANK3   BANK4   BANK5
      Params:         1       0       0       0       0       0       0
      Locals:         1       0       0       0       0       0       0
      Temps:          0       0       0       0       0       0       0
      Totals:         2       0       0       0       0       0       0
Total ram usage:        2 bytes
 Hardware stack levels used:    1
 Hardware stack levels required when called:    3
 This function calls:
		_shiftOut3
 This function is called by:
		_clear_matrix
		_init_max7219
		_plot
 This function uses a non-reentrant model


 *************** function _shiftOut3 *****************
 Defined at:
		line 45 in file "led-metrix.c"
 Parameters:    Size  Location     Type
  bitOrder        1    wreg     unsigned char 
  val             1   20[COMRAM] unsigned char 
 Auto vars:     Size  Location     Type
  bitOrder        1   22[COMRAM] unsigned char 
  i               1   23[COMRAM] unsigned char 
 Return value:  Size  Location     Type
                  1    wreg      void 
 Registers used:
		wreg, status,2, status,0
 Tracked objects:
		On entry : 
		On exit  : 
		Unchanged: 
 Data sizes:     COMRAM   BANK0   BANK1   BANK2   BANK3   BANK4   BANK5
      Params:         1       0       0       0       0       0       0
      Locals:         2       0       0       0       0       0       0
      Temps:          1       0       0       0       0       0       0
      Totals:         4       0       0       0       0       0       0
Total ram usage:        4 bytes
 Hardware stack levels used:    1
 Hardware stack levels required when called:    2
 This function calls:
		Nothing
 This function is called by:
		_set_register3
 This function uses a non-reentrant model


 *************** function _set_register2 *****************
 Defined at:
		line 98 in file "led-metrix.c"
 Parameters:    Size  Location     Type
  address         1    wreg     unsigned char 
  value           1   24[COMRAM] unsigned char 
 Auto vars:     Size  Location     Type
  address         1   25[COMRAM] unsigned char 
 Return value:  Size  Location     Type
                  1    wreg      void 
 Registers used:
		wreg, status,2, status,0, cstack
 Tracked objects:
		On entry : 
		On exit  : 
		Unchanged: 
 Data sizes:     COMRAM   BANK0   BANK1   BANK2   BANK3   BANK4   BANK5
      Params:         1       0       0       0       0       0       0
      Locals:         1       0       0       0       0       0       0
      Temps:          0       0       0       0       0       0       0
      Totals:         2       0       0       0       0       0       0
Total ram usage:        2 bytes
 Hardware stack levels used:    1
 Hardware stack levels required when called:    3
 This function calls:
		_shiftOut2
 This function is called by:
		_clear_matrix
		_init_max7219
		_plot
 This function uses a non-reentrant model


 *************** function _shiftOut2 *****************
 Defined at:
		line 24 in file "led-metrix.c"
 Parameters:    Size  Location     Type
  bitOrder        1    wreg     unsigned char 
  val             1   20[COMRAM] unsigned char 
 Auto vars:     Size  Location     Type
  bitOrder        1   22[COMRAM] unsigned char 
  i               1   23[COMRAM] unsigned char 
 Return value:  Size  Location     Type
                  1    wreg      void 
 Registers used:
		wreg, status,2, status,0
 Tracked objects:
		On entry : 
		On exit  : 
		Unchanged: 
 Data sizes:     COMRAM   BANK0   BANK1   BANK2   BANK3   BANK4   BANK5
      Params:         1       0       0       0       0       0       0
      Locals:         2       0       0       0       0       0       0
      Temps:          1       0       0       0       0       0       0
      Totals:         4       0       0       0       0       0       0
Total ram usage:        4 bytes
 Hardware stack levels used:    1
 Hardware stack levels required when called:    2
 This function calls:
		Nothing
 This function is called by:
		_set_register2
 This function uses a non-reentrant model


 *************** function _set_register1 *****************
 Defined at:
		line 90 in file "led-metrix.c"
 Parameters:    Size  Location     Type
  address         1    wreg     unsigned char 
  value           1   24[COMRAM] unsigned char 
 Auto vars:     Size  Location     Type
  address         1   25[COMRAM] unsigned char 
 Return value:  Size  Location     Type
                  1    wreg      void 
 Registers used:
		wreg, status,2, status,0, cstack
 Tracked objects:
		On entry : 
		On exit  : 
		Unchanged: 
 Data sizes:     COMRAM   BANK0   BANK1   BANK2   BANK3   BANK4   BANK5
      Params:         1       0       0       0       0       0       0
      Locals:         1       0       0       0       0       0       0
      Temps:          0       0       0       0       0       0       0
      Totals:         2       0       0       0       0       0       0
Total ram usage:        2 bytes
 Hardware stack levels used:    1
 Hardware stack levels required when called:    3
 This function calls:
		_shiftOut1
 This function is called by:
		_clear_matrix
		_init_max7219
		_plot
 This function uses a non-reentrant model


 *************** function _shiftOut1 *****************
 Defined at:
		line 3 in file "led-metrix.c"
 Parameters:    Size  Location     Type
  bitOrder        1    wreg     unsigned char 
  val             1   20[COMRAM] unsigned char 
 Auto vars:     Size  Location     Type
  bitOrder        1   22[COMRAM] unsigned char 
  i               1   23[COMRAM] unsigned char 
 Return value:  Size  Location     Type
                  1    wreg      void 
 Registers used:
		wreg, status,2, status,0
 Tracked objects:
		On entry : 
		On exit  : 
		Unchanged: 
 Data sizes:     COMRAM   BANK0   BANK1   BANK2   BANK3   BANK4   BANK5
      Params:         1       0       0       0       0       0       0
      Locals:         2       0       0       0       0       0       0
      Temps:          1       0       0       0       0       0       0
      Totals:         4       0       0       0       0       0       0
Total ram usage:        4 bytes
 Hardware stack levels used:    1
 Hardware stack levels required when called:    2
 This function calls:
		Nothing
 This function is called by:
		_set_register1
 This function uses a non-reentrant model


 *************** function _initMap *****************
 Defined at:
		line 104 in file "snake.c"
 Parameters:    Size  Location     Type
		None
 Auto vars:     Size  Location     Type
  num             2   10[BANK0 ] int 
  j               2   14[BANK0 ] int 
  i               2   12[BANK0 ] int 
 Return value:  Size  Location     Type
                  1    wreg      void 
 Registers used:
		wreg, fsr2l, fsr2h, status,2, status,0, prodl, prodh, cstack
 Tracked objects:
		On entry : 
		On exit  : 
		Unchanged: 
 Data sizes:     COMRAM   BANK0   BANK1   BANK2   BANK3   BANK4   BANK5
      Params:         0       0       0       0       0       0       0
      Locals:         0       6       0       0       0       0       0
      Temps:          0       8       0       0       0       0       0
      Totals:         0      14       0       0       0       0       0
Total ram usage:       14 bytes
 Hardware stack levels used:    1
 Hardware stack levels required when called:    4
 This function calls:
		___awmod
		___wmul
		_rand
		_srand
		_time
 This function is called by:
		_main
 This function uses a non-reentrant model


 *************** function _time *****************
 Defined at:
		line 6 in file "C:\Program Files (x86)\Microchip\xc8\v2.10\pic\sources\c99\common\time.c"
 Parameters:    Size  Location     Type
  t               2   20[COMRAM] PTR long long 
		 -> NULL(0), 
 Auto vars:     Size  Location     Type
		None
 Return value:  Size  Location     Type
                  8   20[COMRAM] long long 
 Registers used:
		wreg, fsr2l, fsr2h, status,2, status,0
 Tracked objects:
		On entry : 
		On exit  : 
		Unchanged: 
 Data sizes:     COMRAM   BANK0   BANK1   BANK2   BANK3   BANK4   BANK5
      Params:         8       0       0       0       0       0       0
      Locals:         0       0       0       0       0       0       0
      Temps:          0       0       0       0       0       0       0
      Totals:         8       0       0       0       0       0       0
Total ram usage:        8 bytes
 Hardware stack levels used:    1
 Hardware stack levels required when called:    2
 This function calls:
		Nothing
 This function is called by:
		_initMap
		_Delay
 This function uses a non-reentrant model


 *************** function _srand *****************
 Defined at:
		line 10 in file "C:\Program Files (x86)\Microchip\xc8\v2.10\pic\sources\c99\common\rand.c"
 Parameters:    Size  Location     Type
  s               2   28[COMRAM] unsigned int 
 Auto vars:     Size  Location     Type
		None
 Return value:  Size  Location     Type
                  1    wreg      void 
 Registers used:
		wreg, status,2, status,0
 Tracked objects:
		On entry : 
		On exit  : 
		Unchanged: 
 Data sizes:     COMRAM   BANK0   BANK1   BANK2   BANK3   BANK4   BANK5
      Params:         2       0       0       0       0       0       0
      Locals:         0       0       0       0       0       0       0
      Temps:          4       0       0       0       0       0       0
      Totals:         6       0       0       0       0       0       0
Total ram usage:        6 bytes
 Hardware stack levels used:    1
 Hardware stack levels required when called:    2
 This function calls:
		Nothing
 This function is called by:
		_initMap
 This function uses a non-reentrant model


 *************** function _rand *****************
 Defined at:
		line 15 in file "C:\Program Files (x86)\Microchip\xc8\v2.10\pic\sources\c99\common\rand.c"
 Parameters:    Size  Location     Type
		None
 Auto vars:     Size  Location     Type
		None
 Return value:  Size  Location     Type
                  2   44[COMRAM] int 
 Registers used:
		wreg, fsr2l, fsr2h, status,2, status,0, cstack
 Tracked objects:
		On entry : 
		On exit  : 
		Unchanged: 
 Data sizes:     COMRAM   BANK0   BANK1   BANK2   BANK3   BANK4   BANK5
      Params:         2       0       0       0       0       0       0
      Locals:         0       0       0       0       0       0       0
      Temps:          8       0       0       0       0       0       0
      Totals:        10       0       0       0       0       0       0
Total ram usage:       10 bytes
 Hardware stack levels used:    1
 Hardware stack levels required when called:    3
 This function calls:
		___omul
 This function is called by:
		_initMap
 This function uses a non-reentrant model


 *************** function ___omul *****************
 Defined at:
		line 91 in file "C:\Program Files (x86)\Microchip\xc8\v2.10\pic\sources\c99\common\Umul64.c"
 Parameters:    Size  Location     Type
  multiplier      8   20[COMRAM] unsigned long long 
  multiplicand    8   28[COMRAM] unsigned long long 
 Auto vars:     Size  Location     Type
  product         8   36[COMRAM] unsigned long long 
 Return value:  Size  Location     Type
                  8   20[COMRAM] unsigned long long 
 Registers used:
		wreg, fsr2l, fsr2h, status,2, status,0
 Tracked objects:
		On entry : 
		On exit  : 
		Unchanged: 
 Data sizes:     COMRAM   BANK0   BANK1   BANK2   BANK3   BANK4   BANK5
      Params:        16       0       0       0       0       0       0
      Locals:         8       0       0       0       0       0       0
      Temps:          0       0       0       0       0       0       0
      Totals:        24       0       0       0       0       0       0
Total ram usage:       24 bytes
 Hardware stack levels used:    1
 Hardware stack levels required when called:    2
 This function calls:
		Nothing
 This function is called by:
		_rand
 This function uses a non-reentrant model


 *************** function ___wmul *****************
 Defined at:
		line 15 in file "C:\Program Files (x86)\Microchip\xc8\v2.10\pic\sources\c99\common\Umul16.c"
 Parameters:    Size  Location     Type
  multiplier      2   20[COMRAM] unsigned int 
  multiplicand    2   22[COMRAM] unsigned int 
 Auto vars:     Size  Location     Type
  product         2   24[COMRAM] unsigned int 
 Return value:  Size  Location     Type
                  2   20[COMRAM] unsigned int 
 Registers used:
		wreg, status,2, status,0, prodl, prodh
 Tracked objects:
		On entry : 
		On exit  : 
		Unchanged: 
 Data sizes:     COMRAM   BANK0   BANK1   BANK2   BANK3   BANK4   BANK5
      Params:         4       0       0       0       0       0       0
      Locals:         2       0       0       0       0       0       0
      Temps:          0       0       0       0       0       0       0
      Totals:         6       0       0       0       0       0       0
Total ram usage:        6 bytes
 Hardware stack levels used:    1
 Hardware stack levels required when called:    2
 This function calls:
		Nothing
 This function is called by:
		_initMap
 This function uses a non-reentrant model


 *************** function ___awmod *****************
 Defined at:
		line 7 in file "C:\Program Files (x86)\Microchip\xc8\v2.10\pic\sources\c99\common\awmod.c"
 Parameters:    Size  Location     Type
  dividend        2   54[COMRAM] int 
  divisor         2   56[COMRAM] int 
 Auto vars:     Size  Location     Type
  sign            1    1[BANK0 ] unsigned char 
  counter         1    0[BANK0 ] unsigned char 
 Return value:  Size  Location     Type
                  2   54[COMRAM] int 
 Registers used:
		wreg, status,2, status,0
 Tracked objects:
		On entry : 
		On exit  : 
		Unchanged: 
 Data sizes:     COMRAM   BANK0   BANK1   BANK2   BANK3   BANK4   BANK5
      Params:         4       0       0       0       0       0       0
      Locals:         0       2       0       0       0       0       0
      Temps:          0       0       0       0       0       0       0
      Totals:         4       2       0       0       0       0       0
Total ram usage:        6 bytes
 Hardware stack levels used:    1
 Hardware stack levels required when called:    2
 This function calls:
		Nothing
 This function is called by:
		_initMap
 This function uses a non-reentrant model


 *************** function _ball *****************
 Defined at:
		line 89 in file "ball.c"
 Parameters:    Size  Location     Type
		None
 Auto vars:     Size  Location     Type
  j               2   34[COMRAM] int 
  i               2   32[COMRAM] int 
 Return value:  Size  Location     Type
                  1    wreg      void 
 Registers used:
		wreg, fsr2l, fsr2h, status,2, status,0, cstack
 Tracked objects:
		On entry : 
		On exit  : 
		Unchanged: 
 Data sizes:     COMRAM   BANK0   BANK1   BANK2   BANK3   BANK4   BANK5
      Params:         0       0       0       0       0       0       0
      Locals:         4       0       0       0       0       0       0
      Temps:          4       0       0       0       0       0       0
      Totals:         8       0       0       0       0       0       0
Total ram usage:        8 bytes
 Hardware stack levels used:    1
 Hardware stack levels required when called:    3
 This function calls:
		_move_ball
 This function is called by:
		_main
 This function uses a non-reentrant model


 *************** function _move_ball *****************
 Defined at:
		line 9 in file "ball.c"
 Parameters:    Size  Location     Type
		None
 Auto vars:     Size  Location     Type
  rebound         2   26[COMRAM] int 
  y_direct        2   24[COMRAM] int 
  x_direct        2   22[COMRAM] int 
  i               2    0        int 
 Return value:  Size  Location     Type
                  1    wreg      void 
 Registers used:
		wreg, fsr2l, fsr2h, status,2, status,0
 Tracked objects:
		On entry : 
		On exit  : 
		Unchanged: 
 Data sizes:     COMRAM   BANK0   BANK1   BANK2   BANK3   BANK4   BANK5
      Params:         0       0       0       0       0       0       0
      Locals:         6       0       0       0       0       0       0
      Temps:          2       0       0       0       0       0       0
      Totals:         8       0       0       0       0       0       0
Total ram usage:        8 bytes
 Hardware stack levels used:    1
 Hardware stack levels required when called:    2
 This function calls:
		Nothing
 This function is called by:
		_ball
 This function uses a non-reentrant model


 *************** function ___xxtofl *****************
 Defined at:
		line 10 in file "C:\Program Files (x86)\Microchip\xc8\v2.10\pic\sources\c99\common\xxtofl.c"
 Parameters:    Size  Location     Type
  sign            1    wreg     unsigned char 
  val             4   20[COMRAM] long 
 Auto vars:     Size  Location     Type
  sign            1   28[COMRAM] unsigned char 
  arg             4   30[COMRAM] unsigned long 
  exp             1   29[COMRAM] unsigned char 
 Return value:  Size  Location     Type
                  4   20[COMRAM] unsigned char 
 Registers used:
		wreg, status,2, status,0
 Tracked objects:
		On entry : 
		On exit  : 
		Unchanged: 
 Data sizes:     COMRAM   BANK0   BANK1   BANK2   BANK3   BANK4   BANK5
      Params:         4       0       0       0       0       0       0
      Locals:         6       0       0       0       0       0       0
      Temps:          4       0       0       0       0       0       0
      Totals:        14       0       0       0       0       0       0
Total ram usage:       14 bytes
 Hardware stack levels used:    1
 Hardware stack levels required when called:    2
 This function calls:
		Nothing
 This function is called by:
		_main
 This function uses a non-reentrant model


 *************** function ___fltol *****************
 Defined at:
		line 43 in file "C:\Program Files (x86)\Microchip\xc8\v2.10\pic\sources\c99\common\fltol.c"
 Parameters:    Size  Location     Type
  f1              4    0[BANK0 ] unsigned char 
 Auto vars:     Size  Location     Type
  exp1            1    9[BANK0 ] unsigned char 
  sign1           1    8[BANK0 ] unsigned char 
 Return value:  Size  Location     Type
                  4    0[BANK0 ] long 
 Registers used:
		wreg, status,2, status,0
 Tracked objects:
		On entry : 
		On exit  : 
		Unchanged: 
 Data sizes:     COMRAM   BANK0   BANK1   BANK2   BANK3   BANK4   BANK5
      Params:         0       4       0       0       0       0       0
      Locals:         0       2       0       0       0       0       0
      Temps:          0       4       0       0       0       0       0
      Totals:         0      10       0       0       0       0       0
Total ram usage:       10 bytes
 Hardware stack levels used:    1
 Hardware stack levels required when called:    2
 This function calls:
		Nothing
 This function is called by:
		_main
 This function uses a non-reentrant model


 *************** function ___fldiv *****************
 Defined at:
		line 11 in file "C:\Program Files (x86)\Microchip\xc8\v2.10\pic\sources\c99\common\sprcdiv.c"
 Parameters:    Size  Location     Type
  b               4   34[COMRAM] long 
  a               4   38[COMRAM] long 
 Auto vars:     Size  Location     Type
  grs             4   53[COMRAM] unsigned long 
  rem             4   46[COMRAM] unsigned long 
  new_exp         2   51[COMRAM] short 
  aexp            1   58[COMRAM] unsigned char 
  bexp            1   57[COMRAM] unsigned char 
  sign            1   50[COMRAM] unsigned char 
 Return value:  Size  Location     Type
                  4   34[COMRAM] unsigned char 
 Registers used:
		wreg, status,2, status,0
 Tracked objects:
		On entry : 
		On exit  : 
		Unchanged: 
 Data sizes:     COMRAM   BANK0   BANK1   BANK2   BANK3   BANK4   BANK5
      Params:         8       0       0       0       0       0       0
      Locals:        13       0       0       0       0       0       0
      Temps:          4       0       0       0       0       0       0
      Totals:        25       0       0       0       0       0       0
Total ram usage:       25 bytes
 Hardware stack levels used:    1
 Hardware stack levels required when called:    2
 This function calls:
		Nothing
 This function is called by:
		_main
 This function uses a non-reentrant model


 *************** function _ISR *****************
 Defined at:
		line 104 in file "main.c"
 Parameters:    Size  Location     Type
		None
 Auto vars:     Size  Location     Type
		None
 Return value:  Size  Location     Type
                  1    wreg      void 
 Registers used:
		wreg, fsr1l, fsr1h, fsr2l, fsr2h, status,2, status,0, prodl, prodh, cstack
 Tracked objects:
		On entry : 
		On exit  : 
		Unchanged: 
 Data sizes:     COMRAM   BANK0   BANK1   BANK2   BANK3   BANK4   BANK5
      Params:         0       0       0       0       0       0       0
      Locals:         0       0       0       0       0       0       0
      Temps:          6       0       0       0       0       0       0
      Totals:         6       0       0       0       0       0       0
Total ram usage:        6 bytes
 Hardware stack levels used:    1
 Hardware stack levels required when called:    1
 This function calls:
		_board
		_move
 This function is called by:
		Interrupt level 2
 This function uses a non-reentrant model


 *************** function _move *****************
 Defined at:
		line 125 in file "snake.c"
 Parameters:    Size  Location     Type
  direct          2    0[COMRAM] int 
 Auto vars:     Size  Location     Type
  j               2   12[COMRAM] int 
  i               2   10[COMRAM] int 
 Return value:  Size  Location     Type
                  1    wreg      void 
 Registers used:
		wreg, fsr2l, fsr2h, status,2, status,0, prodl, prodh
 Tracked objects:
		On entry : 
		On exit  : 
		Unchanged: 
 Data sizes:     COMRAM   BANK0   BANK1   BANK2   BANK3   BANK4   BANK5
      Params:         2       0       0       0       0       0       0
      Locals:         4       0       0       0       0       0       0
      Temps:          8       0       0       0       0       0       0
      Totals:        14       0       0       0       0       0       0
Total ram usage:       14 bytes
 Hardware stack levels used:    1
 This function calls:
		Nothing
 This function is called by:
		_ISR
 This function uses a non-reentrant model


 *************** function _board *****************
 Defined at:
		line 122 in file "ball.c"
 Parameters:    Size  Location     Type
  left_up         1    wreg     unsigned char 
  left_down       1    0[COMRAM] unsigned char 
  right_up        1    1[COMRAM] unsigned char 
  right_down      1    2[COMRAM] unsigned char 
 Auto vars:     Size  Location     Type
  left_up         1    5[COMRAM] unsigned char 
  i               2    8[COMRAM] int 
  k               2    6[COMRAM] int 
 Return value:  Size  Location     Type
                  1    wreg      void 
 Registers used:
		wreg, fsr1l, fsr1h, fsr2l, fsr2h, status,2, status,0
 Tracked objects:
		On entry : 
		On exit  : 
		Unchanged: 
 Data sizes:     COMRAM   BANK0   BANK1   BANK2   BANK3   BANK4   BANK5
      Params:         3       0       0       0       0       0       0
      Locals:         5       0       0       0       0       0       0
      Temps:          2       0       0       0       0       0       0
      Totals:        10       0       0       0       0       0       0
Total ram usage:       10 bytes
 Hardware stack levels used:    1
 This function calls:
		Nothing
 This function is called by:
		_ISR
 This function uses a non-reentrant model



MODULE INFORMATION

Module		Function		Class		Link	Load	Size
C:\Program Files (x86)\Microchip\xc8\v2.10\pic\sources\c99\common\rand.c
		_srand         		CODE           	2ABC	0000	47
		_rand          		CODE           	2350	0000	221

C:\Program Files (x86)\Microchip\xc8\v2.10\pic\sources\c99\common\rand.c estimated size: 268

ball.c
		_ball          		CODE           	24FA	0000	203
		_move_ball     		CODE           	1860	0000	533
		_board         		CODE           	0F2C	0000	881
		_initial       		CODE           	2274	0000	221

ball.c estimated size: 1838

C:\Program Files (x86)\Microchip\xc8\v2.10\pic\sources\c99\common\xxtofl.c
		___xxtofl      		CODE           	1C56	0000	437

C:\Program Files (x86)\Microchip\xc8\v2.10\pic\sources\c99\common\xxtofl.c estimated size: 437

led-metrix.c
		_plot          		CODE           	0012	0000	1079
		_shiftOut1     		CODE           	295A	0000	133
		_shiftOut2     		CODE           	28D6	0000	133
		_shiftOut3     		CODE           	284E	0000	137
		_shiftOut4     		CODE           	27C6	0000	137
		_clear_matrix  		CODE           	29DE	0000	83
		_init_max7219  		CODE           	242C	0000	207
		_set_register1 		CODE           	2B6A	0000	31
		_set_register2 		CODE           	2B4C	0000	31
		_set_register3 		CODE           	2B2E	0000	31
		_set_register4 		CODE           	2B10	0000	31

led-metrix.c estimated size: 2033

C:\Program Files (x86)\Microchip\xc8\v2.10\pic\sources\c99\common\fltol.c
		___fltol       		CODE           	206C	0000	265

C:\Program Files (x86)\Microchip\xc8\v2.10\pic\sources\c99\common\fltol.c estimated size: 265

snake.c
		_updateMap     		CODE           	0448	0000	967
		_updateCar     		CODE           	1A74	0000	483
		_move          		CODE           	0BA8	0000	901
		_initMap       		CODE           	15B6	0000	683
		_printError    		CODE           	1F5A	0000	275

snake.c estimated size: 3309

C:\Program Files (x86)\Microchip\xc8\v2.10\pic\sources\c99\common\sprcdiv.c
		___fldiv       		CODE           	080E	0000	923

C:\Program Files (x86)\Microchip\xc8\v2.10\pic\sources\c99\common\sprcdiv.c estimated size: 923

C:\Program Files (x86)\Microchip\xc8\v2.10\pic\sources\c99\common\time.c
		_time          		CODE           	2A30	0000	77

C:\Program Files (x86)\Microchip\xc8\v2.10\pic\sources\c99\common\time.c estimated size: 77

shared
		__initialization		CODE           	25C4	0000	165

shared estimated size: 165

C:\Program Files (x86)\Microchip\xc8\v2.10\pic\sources\c99\common\Umul64.c
		___omul        		CODE           	2728	0000	159

C:\Program Files (x86)\Microchip\xc8\v2.10\pic\sources\c99\common\Umul64.c estimated size: 159

C:\Program Files (x86)\Microchip\xc8\v2.10\pic\sources\c99\common\Umul16.c
		___wmul        		CODE           	2AEA	0000	39

C:\Program Files (x86)\Microchip\xc8\v2.10\pic\sources\c99\common\Umul16.c estimated size: 39

C:\Program Files (x86)\Microchip\xc8\v2.10\pic\sources\c99\common\awmod.c
		___awmod       		CODE           	2676	0000	179

C:\Program Files (x86)\Microchip\xc8\v2.10\pic\sources\c99\common\awmod.c estimated size: 179

main.c
		_ISR           		CODE           	0008	0000	343
		_main          		CODE           	129C	0000	795

main.c estimated size: 1138

